Archive member included to satisfy reference by file (symbol)

c:/st/stm32cubeide_1.3.0/stm32cubeide/plugins/com.st.stm32cube.ide.mcu.externaltools.gnu-tools-for-stm32.11.3.rel1.win32_1.0.100.202301251239/tools/bin/../lib/gcc/arm-none-eabi/11.3.1/../../../../arm-none-eabi/lib/thumb/v7e-m+fp/hard\libc_nano.a(libc_a-exit.o)
                              c:/st/stm32cubeide_1.3.0/stm32cubeide/plugins/com.st.stm32cube.ide.mcu.externaltools.gnu-tools-for-stm32.11.3.rel1.win32_1.0.100.202301251239/tools/bin/../lib/gcc/arm-none-eabi/11.3.1/../../../../arm-none-eabi/lib/thumb/v7e-m+fp/hard/crt0.o (exit)
c:/st/stm32cubeide_1.3.0/stm32cubeide/plugins/com.st.stm32cube.ide.mcu.externaltools.gnu-tools-for-stm32.11.3.rel1.win32_1.0.100.202301251239/tools/bin/../lib/gcc/arm-none-eabi/11.3.1/../../../../arm-none-eabi/lib/thumb/v7e-m+fp/hard\libc_nano.a(libc_a-findfp.o)
                              c:/st/stm32cubeide_1.3.0/stm32cubeide/plugins/com.st.stm32cube.ide.mcu.externaltools.gnu-tools-for-stm32.11.3.rel1.win32_1.0.100.202301251239/tools/bin/../lib/gcc/arm-none-eabi/11.3.1/../../../../arm-none-eabi/lib/thumb/v7e-m+fp/hard\libc_nano.a(libc_a-exit.o) (__stdio_exit_handler)
c:/st/stm32cubeide_1.3.0/stm32cubeide/plugins/com.st.stm32cube.ide.mcu.externaltools.gnu-tools-for-stm32.11.3.rel1.win32_1.0.100.202301251239/tools/bin/../lib/gcc/arm-none-eabi/11.3.1/../../../../arm-none-eabi/lib/thumb/v7e-m+fp/hard\libc_nano.a(libc_a-fwalk.o)
                              c:/st/stm32cubeide_1.3.0/stm32cubeide/plugins/com.st.stm32cube.ide.mcu.externaltools.gnu-tools-for-stm32.11.3.rel1.win32_1.0.100.202301251239/tools/bin/../lib/gcc/arm-none-eabi/11.3.1/../../../../arm-none-eabi/lib/thumb/v7e-m+fp/hard\libc_nano.a(libc_a-findfp.o) (_fwalk_sglue)
c:/st/stm32cubeide_1.3.0/stm32cubeide/plugins/com.st.stm32cube.ide.mcu.externaltools.gnu-tools-for-stm32.11.3.rel1.win32_1.0.100.202301251239/tools/bin/../lib/gcc/arm-none-eabi/11.3.1/../../../../arm-none-eabi/lib/thumb/v7e-m+fp/hard\libc_nano.a(libc_a-sprintf.o)
                              ./Core/Src/Digital_Clock.o (sprintf)
c:/st/stm32cubeide_1.3.0/stm32cubeide/plugins/com.st.stm32cube.ide.mcu.externaltools.gnu-tools-for-stm32.11.3.rel1.win32_1.0.100.202301251239/tools/bin/../lib/gcc/arm-none-eabi/11.3.1/../../../../arm-none-eabi/lib/thumb/v7e-m+fp/hard\libc_nano.a(libc_a-stdio.o)
                              c:/st/stm32cubeide_1.3.0/stm32cubeide/plugins/com.st.stm32cube.ide.mcu.externaltools.gnu-tools-for-stm32.11.3.rel1.win32_1.0.100.202301251239/tools/bin/../lib/gcc/arm-none-eabi/11.3.1/../../../../arm-none-eabi/lib/thumb/v7e-m+fp/hard\libc_nano.a(libc_a-findfp.o) (__sread)
c:/st/stm32cubeide_1.3.0/stm32cubeide/plugins/com.st.stm32cube.ide.mcu.externaltools.gnu-tools-for-stm32.11.3.rel1.win32_1.0.100.202301251239/tools/bin/../lib/gcc/arm-none-eabi/11.3.1/../../../../arm-none-eabi/lib/thumb/v7e-m+fp/hard\libc_nano.a(libc_a-memset.o)
                              c:/st/stm32cubeide_1.3.0/stm32cubeide/plugins/com.st.stm32cube.ide.mcu.externaltools.gnu-tools-for-stm32.11.3.rel1.win32_1.0.100.202301251239/tools/bin/../lib/gcc/arm-none-eabi/11.3.1/../../../../arm-none-eabi/lib/thumb/v7e-m+fp/hard/crt0.o (memset)
c:/st/stm32cubeide_1.3.0/stm32cubeide/plugins/com.st.stm32cube.ide.mcu.externaltools.gnu-tools-for-stm32.11.3.rel1.win32_1.0.100.202301251239/tools/bin/../lib/gcc/arm-none-eabi/11.3.1/../../../../arm-none-eabi/lib/thumb/v7e-m+fp/hard\libc_nano.a(libc_a-closer.o)
                              c:/st/stm32cubeide_1.3.0/stm32cubeide/plugins/com.st.stm32cube.ide.mcu.externaltools.gnu-tools-for-stm32.11.3.rel1.win32_1.0.100.202301251239/tools/bin/../lib/gcc/arm-none-eabi/11.3.1/../../../../arm-none-eabi/lib/thumb/v7e-m+fp/hard\libc_nano.a(libc_a-stdio.o) (_close_r)
c:/st/stm32cubeide_1.3.0/stm32cubeide/plugins/com.st.stm32cube.ide.mcu.externaltools.gnu-tools-for-stm32.11.3.rel1.win32_1.0.100.202301251239/tools/bin/../lib/gcc/arm-none-eabi/11.3.1/../../../../arm-none-eabi/lib/thumb/v7e-m+fp/hard\libc_nano.a(libc_a-reent.o)
                              c:/st/stm32cubeide_1.3.0/stm32cubeide/plugins/com.st.stm32cube.ide.mcu.externaltools.gnu-tools-for-stm32.11.3.rel1.win32_1.0.100.202301251239/tools/bin/../lib/gcc/arm-none-eabi/11.3.1/../../../../arm-none-eabi/lib/thumb/v7e-m+fp/hard\libc_nano.a(libc_a-closer.o) (errno)
c:/st/stm32cubeide_1.3.0/stm32cubeide/plugins/com.st.stm32cube.ide.mcu.externaltools.gnu-tools-for-stm32.11.3.rel1.win32_1.0.100.202301251239/tools/bin/../lib/gcc/arm-none-eabi/11.3.1/../../../../arm-none-eabi/lib/thumb/v7e-m+fp/hard\libc_nano.a(libc_a-impure.o)
                              c:/st/stm32cubeide_1.3.0/stm32cubeide/plugins/com.st.stm32cube.ide.mcu.externaltools.gnu-tools-for-stm32.11.3.rel1.win32_1.0.100.202301251239/tools/bin/../lib/gcc/arm-none-eabi/11.3.1/../../../../arm-none-eabi/lib/thumb/v7e-m+fp/hard\libc_nano.a(libc_a-sprintf.o) (_impure_ptr)
[...]
Memory Configuration

Name             Origin             Length             Attributes
RAM              0x0000000020000000 0x0000000000020000 xrw
FLASH            0x0000000008000000 0x0000000000080000 xr
*default*        0x0000000000000000 0xffffffffffffffff

Linker script and memory map

LOAD c:/st/stm32cubeide_1.3.0/stm32cubeide/plugins/com.st.stm32cube.ide.mcu.externaltools.gnu-tools-for-stm32.11.3.rel1.win32_1.0.100.202301251239/tools/bin/../lib/gcc/arm-none-eabi/11.3.1/thumb/v7e-m+fp/hard/crti.o
LOAD c:/st/stm32cubeide_1.3.0/stm32cubeide/plugins/com.st.stm32cube.ide.mcu.externaltools.gnu-tools-for-stm32.11.3.rel1.win32_1.0.100.202301251239/tools/bin/../lib/gcc/arm-none-eabi/11.3.1/thumb/v7e-m+fp/hard/crtbegin.o
LOAD c:/st/stm32cubeide_1.3.0/stm32cubeide/plugins/com.st.stm32cube.ide.mcu.externaltools.gnu-tools-for-stm32.11.3.rel1.win32_1.0.100.202301251239/tools/bin/../lib/gcc/arm-none-eabi/11.3.1/../../../../arm-none-eabi/lib/thumb/v7e-m+fp/hard/crt0.o
LOAD ./Core/Src/BSP_STM32F446E.o
LOAD ./Core/Src/Digital_Clock.o
LOAD ./Core/Src/LCD_1602.o
LOAD ./Core/Src/RTC.o
LOAD ./Core/Src/main.o
LOAD ./Core/Src/stm32f4xx_hal_msp.o
LOAD ./Core/Src/stm32f4xx_hal_timebase_tim.o
LOAD ./Core/Src/stm32f4xx_it.o
LOAD ./Core/Src/syscalls.o
LOAD ./Core/Src/sysmem.o
LOAD ./Core/Src/system_stm32f4xx.o
LOAD ./Core/Startup/startup_stm32f446retx.o
LOAD ./Drivers/STM32F4xx_HAL_Driver/Src/stm32f4xx_hal.o
LOAD ./Drivers/STM32F4xx_HAL_Driver/Src/stm32f4xx_hal_cortex.o
LOAD ./Drivers/STM32F4xx_HAL_Driver/Src/stm32f4xx_hal_dma.o
LOAD ./Drivers/STM32F4xx_HAL_Driver/Src/stm32f4xx_hal_dma_ex.o
LOAD ./Drivers/STM32F4xx_HAL_Driver/Src/stm32f4xx_hal_exti.o
LOAD ./Drivers/STM32F4xx_HAL_Driver/Src/stm32f4xx_hal_flash.o
LOAD ./Drivers/STM32F4xx_HAL_Driver/Src/stm32f4xx_hal_flash_ex.o
LOAD ./Drivers/STM32F4xx_HAL_Driver/Src/stm32f4xx_hal_flash_ramfunc.o
LOAD ./Drivers/STM32F4xx_HAL_Driver/Src/stm32f4xx_hal_gpio.o
LOAD ./Drivers/STM32F4xx_HAL_Driver/Src/stm32f4xx_hal_pwr.o
LOAD ./Drivers/STM32F4xx_HAL_Driver/Src/stm32f4xx_hal_pwr_ex.o
LOAD ./Drivers/STM32F4xx_HAL_Driver/Src/stm32f4xx_hal_rcc.o
LOAD ./Drivers/STM32F4xx_HAL_Driver/Src/stm32f4xx_hal_rcc_ex.o
LOAD ./Drivers/STM32F4xx_HAL_Driver/Src/stm32f4xx_hal_rtc.o
LOAD ./Drivers/STM32F4xx_HAL_Driver/Src/stm32f4xx_hal_rtc_ex.o
LOAD ./Drivers/STM32F4xx_HAL_Driver/Src/stm32f4xx_hal_tim.o
LOAD ./Drivers/STM32F4xx_HAL_Driver/Src/stm32f4xx_hal_tim_ex.o
LOAD ./Drivers/STM32F4xx_HAL_Driver/Src/stm32f4xx_hal_uart.o
START GROUP
LOAD c:/st/stm32cubeide_1.3.0/stm32cubeide/plugins/com.st.stm32cube.ide.mcu.externaltools.gnu-tools-for-stm32.11.3.rel1.win32_1.0.100.202301251239/tools/bin/../lib/gcc/arm-none-eabi/11.3.1/../../../../arm-none-eabi/lib/thumb/v7e-m+fp/hard\libstdc++_nano.a
LOAD c:/st/stm32cubeide_1.3.0/stm32cubeide/plugins/com.st.stm32cube.ide.mcu.externaltools.gnu-tools-for-stm32.11.3.rel1.win32_1.0.100.202301251239/tools/bin/../lib/gcc/arm-none-eabi/11.3.1/../../../../arm-none-eabi/lib/thumb/v7e-m+fp/hard\libsupc++_nano.a
END GROUP
LOAD c:/st/stm32cubeide_1.3.0/stm32cubeide/plugins/com.st.stm32cube.ide.mcu.externaltools.gnu-tools-for-stm32.11.3.rel1.win32_1.0.100.202301251239/tools/bin/../lib/gcc/arm-none-eabi/11.3.1/../../../../arm-none-eabi/lib/thumb/v7e-m+fp/hard\libstdc++_nano.a
LOAD c:/st/stm32cubeide_1.3.0/stm32cubeide/plugins/com.st.stm32cube.ide.mcu.externaltools.gnu-tools-for-stm32.11.3.rel1.win32_1.0.100.202301251239/tools/bin/../lib/gcc/arm-none-eabi/11.3.1/../../../../arm-none-eabi/lib/thumb/v7e-m+fp/hard\libm.a
LOAD c:/st/stm32cubeide_1.3.0/stm32cubeide/plugins/com.st.stm32cube.ide.mcu.externaltools.gnu-tools-for-stm32.11.3.rel1.win32_1.0.100.202301251239/tools/bin/../lib/gcc/arm-none-eabi/11.3.1/../../../../arm-none-eabi/lib/thumb/v7e-m+fp/hard\libc_nano.a
START GROUP
LOAD c:/st/stm32cubeide_1.3.0/stm32cubeide/plugins/com.st.stm32cube.ide.mcu.externaltools.gnu-tools-for-stm32.11.3.rel1.win32_1.0.100.202301251239/tools/bin/../lib/gcc/arm-none-eabi/11.3.1/thumb/v7e-m+fp/hard\libgcc.a
LOAD c:/st/stm32cubeide_1.3.0/stm32cubeide/plugins/com.st.stm32cube.ide.mcu.externaltools.gnu-tools-for-stm32.11.3.rel1.win32_1.0.100.202301251239/tools/bin/../lib/gcc/arm-none-eabi/11.3.1/../../../../arm-none-eabi/lib/thumb/v7e-m+fp/hard\libc_nano.a
END GROUP
START GROUP
LOAD c:/st/stm32cubeide_1.3.0/stm32cubeide/plugins/com.st.stm32cube.ide.mcu.externaltools.gnu-tools-for-stm32.11.3.rel1.win32_1.0.100.202301251239/tools/bin/../lib/gcc/arm-none-eabi/11.3.1/thumb/v7e-m+fp/hard\libgcc.a
LOAD c:/st/stm32cubeide_1.3.0/stm32cubeide/plugins/com.st.stm32cube.ide.mcu.externaltools.gnu-tools-for-stm32.11.3.rel1.win32_1.0.100.202301251239/tools/bin/../lib/gcc/arm-none-eabi/11.3.1/../../../../arm-none-eabi/lib/thumb/v7e-m+fp/hard\libc_nano.a
LOAD c:/st/stm32cubeide_1.3.0/stm32cubeide/plugins/com.st.stm32cube.ide.mcu.externaltools.gnu-tools-for-stm32.11.3.rel1.win32_1.0.100.202301251239/tools/bin/../lib/gcc/arm-none-eabi/11.3.1/../../../../arm-none-eabi/lib/thumb/v7e-m+fp/hard\libnosys.a
END GROUP
START GROUP
LOAD c:/st/stm32cubeide_1.3.0/stm32cubeide/plugins/com.st.stm32cube.ide.mcu.externaltools.gnu-tools-for-stm32.11.3.rel1.win32_1.0.100.202301251239/tools/bin/../lib/gcc/arm-none-eabi/11.3.1/thumb/v7e-m+fp/hard\libgcc.a
LOAD c:/st/stm32cubeide_1.3.0/stm32cubeide/plugins/com.st.stm32cube.ide.mcu.externaltools.gnu-tools-for-stm32.11.3.rel1.win32_1.0.100.202301251239/tools/bin/../lib/gcc/arm-none-eabi/11.3.1/../../../../arm-none-eabi/lib/thumb/v7e-m+fp/hard\libc_nano.a
LOAD c:/st/stm32cubeide_1.3.0/stm32cubeide/plugins/com.st.stm32cube.ide.mcu.externaltools.gnu-tools-for-stm32.11.3.rel1.win32_1.0.100.202301251239/tools/bin/../lib/gcc/arm-none-eabi/11.3.1/../../../../arm-none-eabi/lib/thumb/v7e-m+fp/hard\libnosys.a
END GROUP
LOAD c:/st/stm32cubeide_1.3.0/stm32cubeide/plugins/com.st.stm32cube.ide.mcu.externaltools.gnu-tools-for-stm32.11.3.rel1.win32_1.0.100.202301251239/tools/bin/../lib/gcc/arm-none-eabi/11.3.1/thumb/v7e-m+fp/hard/crtend.o
LOAD c:/st/stm32cubeide_1.3.0/stm32cubeide/plugins/com.st.stm32cube.ide.mcu.externaltools.gnu-tools-for-stm32.11.3.rel1.win32_1.0.100.202301251239/tools/bin/../lib/gcc/arm-none-eabi/11.3.1/thumb/v7e-m+fp/hard/crtn.o
                0x0000000020020000                _estack = (ORIGIN (RAM) + LENGTH (RAM))
                0x0000000000000200                _Min_Heap_Size = 0x200
                0x0000000000000400                _Min_Stack_Size = 0x400

.isr_vector     0x0000000008000000      0x1c4
                0x0000000008000000                . = ALIGN (0x4)
 *(.isr_vector)
 .isr_vector    0x0000000008000000      0x1c4 ./Core/Startup/startup_stm32f446retx.o
                0x0000000008000000                g_pfnVectors
                0x00000000080001c4                . = ALIGN (0x4)

.text           0x00000000080001d0     0x50c4
                0x00000000080001d0                . = ALIGN (0x4)
 *(.text)
 .text          0x00000000080001d0       0x40 c:/st/stm32cubeide_1.3.0/stm32cubeide/plugins/com.st.stm32cube.ide.mcu.externaltools.gnu-tools-for-stm32.11.3.rel1.win32_1.0.100.202301251239/tools/bin/../lib/gcc/arm-none-eabi/11.3.1/thumb/v7e-m+fp/hard/crtbegin.o
 .text          0x0000000008000210       0xa0 c:/st/stm32cubeide_1.3.0/stm32cubeide/plugins/com.st.stm32cube.ide.mcu.externaltools.gnu-tools-for-stm32.11.3.rel1.win32_1.0.100.202301251239/tools/bin/../lib/gcc/arm-none-eabi/11.3.1/../../../../arm-none-eabi/lib/thumb/v7e-m+fp/hard\libc_nano.a(libc_a-memchr.o)
                0x0000000008000210                memchr
 .text          0x00000000080002b0       0x30 c:/st/stm32cubeide_1.3.0/stm32cubeide/plugins/com.st.stm32cube.ide.mcu.externaltools.gnu-tools-for-stm32.11.3.rel1.win32_1.0.100.202301251239/tools/bin/../lib/gcc/arm-none-eabi/11.3.1/thumb/v7e-m+fp/hard\libgcc.a(_aeabi_uldivmod.o)
                0x00000000080002b0                __aeabi_uldivmod
 .text          0x00000000080002e0      0x2c8 c:/st/stm32cubeide_1.3.0/stm32cubeide/plugins/com.st.stm32cube.ide.mcu.externaltools.gnu-tools-for-stm32.11.3.rel1.win32_1.0.100.202301251239/tools/bin/../lib/gcc/arm-none-eabi/11.3.1/thumb/v7e-m+fp/hard\libgcc.a(_udivmoddi4.o)
                0x00000000080002e0                __udivmoddi4
 .text          0x00000000080005a8        0x4 c:/st/stm32cubeide_1.3.0/stm32cubeide/plugins/com.st.stm32cube.ide.mcu.externaltools.gnu-tools-for-stm32.11.3.rel1.win32_1.0.100.202301251239/tools/bin/../lib/gcc/arm-none-eabi/11.3.1/thumb/v7e-m+fp/hard\libgcc.a(_dvmd_tls.o)
                0x00000000080005a8                __aeabi_idiv0
                0x00000000080005a8                __aeabi_ldiv0
 *(.text*)
 .text.delay_us
                0x00000000080005ac       0x30 ./Core/Src/BSP_STM32F446E.o
                0x00000000080005ac                delay_us
 .text.Push_Beep_Button
                0x00000000080005dc       0x28 ./Core/Src/BSP_STM32F446E.o
                0x00000000080005dc                Push_Beep_Button
 .text.setting_hours
                0x0000000008000604       0x7c ./Core/Src/Digital_Clock.o
 .text.setting_minutes
                0x0000000008000680       0x7c ./Core/Src/Digital_Clock.o
 .text.setting_seconds
                0x00000000080006fc       0x7c ./Core/Src/Digital_Clock.o
 .text.setting_period
                0x0000000008000778       0x90 ./Core/Src/Digital_Clock.o
 .text.setting_day
                0x0000000008000808       0x7c ./Core/Src/Digital_Clock.o
 .text.setting_month
                0x0000000008000884       0x7c ./Core/Src/Digital_Clock.o
 .text.setting_year
                0x0000000008000900       0x80 ./Core/Src/Digital_Clock.o
 .text.setting_time
                0x0000000008000980       0xe0 ./Core/Src/Digital_Clock.o
                0x0000000008000980                setting_time
 .text.Print_Time
                0x0000000008000a60       0x98 ./Core/Src/Digital_Clock.o
                0x0000000008000a60                Print_Time
 .text.Print_Date
                0x0000000008000af8       0x58 ./Core/Src/Digital_Clock.o
                0x0000000008000af8                Print_Date
 .text.Enable_Pulse
                0x0000000008000b50       0x30 ./Core/Src/LCD_1602.o
 .text.Write_Data_Command_GPIO
                0x0000000008000b80       0xb8 ./Core/Src/LCD_1602.o
 .text.Write_Command
                0x0000000008000c38       0x38 ./Core/Src/LCD_1602.o
                0x0000000008000c38                Write_Command
 .text.Write_Data
                0x0000000008000c70       0x38 ./Core/Src/LCD_1602.o
                0x0000000008000c70                Write_Data
 .text.LCD_Config
                0x0000000008000ca8       0x7a ./Core/Src/LCD_1602.o
                0x0000000008000ca8                LCD_Config
 .text.print_string
                0x0000000008000d22       0x38 ./Core/Src/LCD_1602.o
                0x0000000008000d22                print_string
 .text.Set_Cursor
                0x0000000008000d5a       0x3c ./Core/Src/LCD_1602.o
                0x0000000008000d5a                Set_Cursor
 .text.Clear    0x0000000008000d96       0x16 ./Core/Src/LCD_1602.o
                0x0000000008000d96                Clear
 .text.Home     0x0000000008000dac       0x16 ./Core/Src/LCD_1602.o
                0x0000000008000dac                Home
 .text.Get_Time_Date
                0x0000000008000dc2       0x28 ./Core/Src/RTC.o
                0x0000000008000dc2                Get_Time_Date
 *fill*         0x0000000008000dea        0x2 
 .text.Alarm_sound
                0x0000000008000dec       0x44 ./Core/Src/RTC.o
                0x0000000008000dec                Alarm_sound
 .text.main     0x0000000008000e30       0x90 ./Core/Src/main.o
                0x0000000008000e30                main
 .text.SystemClock_Config
                0x0000000008000ec0       0xc4 ./Core/Src/main.o
                0x0000000008000ec0                SystemClock_Config
 .text.MX_RTC_Init
                0x0000000008000f84      0x124 ./Core/Src/main.o
 .text.MX_TIM5_Init
                0x00000000080010a8       0x9c ./Core/Src/main.o
 .text.MX_UART4_Init
                0x0000000008001144       0x54 ./Core/Src/main.o
 .text.MX_GPIO_Init
                0x0000000008001198      0x138 ./Core/Src/main.o
 .text.HAL_GPIO_EXTI_Callback
                0x00000000080012d0      0x1d0 ./Core/Src/main.o
                0x00000000080012d0                HAL_GPIO_EXTI_Callback
 .text.HAL_RTC_AlarmAEventCallback
                0x00000000080014a0       0x14 ./Core/Src/main.o
                0x00000000080014a0                HAL_RTC_AlarmAEventCallback
 .text.HAL_TIM_PeriodElapsedCallback
                0x00000000080014b4       0x24 ./Core/Src/main.o
                0x00000000080014b4                HAL_TIM_PeriodElapsedCallback
 .text.Error_Handler
                0x00000000080014d8        0xe ./Core/Src/main.o
                0x00000000080014d8                Error_Handler
 *fill*         0x00000000080014e6        0x2 
 .text.HAL_MspInit
                0x00000000080014e8       0x50 ./Core/Src/stm32f4xx_hal_msp.o
                0x00000000080014e8                HAL_MspInit
 .text.HAL_RTC_MspInit
                0x0000000008001538       0x64 ./Core/Src/stm32f4xx_hal_msp.o
                0x0000000008001538                HAL_RTC_MspInit
 .text.HAL_TIM_Base_MspInit
                0x000000000800159c       0x44 ./Core/Src/stm32f4xx_hal_msp.o
                0x000000000800159c                HAL_TIM_Base_MspInit
 .text.HAL_UART_MspInit
                0x00000000080015e0       0x90 ./Core/Src/stm32f4xx_hal_msp.o
                0x00000000080015e0                HAL_UART_MspInit
 .text.HAL_InitTick
                0x0000000008001670       0xf8 ./Core/Src/stm32f4xx_hal_timebase_tim.o
                0x0000000008001670                HAL_InitTick
 .text.NMI_Handler
                0x0000000008001768        0xe ./Core/Src/stm32f4xx_it.o
                0x0000000008001768                NMI_Handler
 .text.HardFault_Handler
                0x0000000008001776        0x6 ./Core/Src/stm32f4xx_it.o
                0x0000000008001776                HardFault_Handler
 .text.MemManage_Handler
                0x000000000800177c        0x6 ./Core/Src/stm32f4xx_it.o
                0x000000000800177c                MemManage_Handler
 .text.BusFault_Handler
                0x0000000008001782        0x6 ./Core/Src/stm32f4xx_it.o
                0x0000000008001782                BusFault_Handler
 .text.UsageFault_Handler
                0x0000000008001788        0x6 ./Core/Src/stm32f4xx_it.o
                0x0000000008001788                UsageFault_Handler
 .text.SVC_Handler
                0x000000000800178e        0xe ./Core/Src/stm32f4xx_it.o
                0x000000000800178e                SVC_Handler
 .text.DebugMon_Handler
                0x000000000800179c        0xe ./Core/Src/stm32f4xx_it.o
                0x000000000800179c                DebugMon_Handler
 .text.PendSV_Handler
                0x00000000080017aa        0xe ./Core/Src/stm32f4xx_it.o
                0x00000000080017aa                PendSV_Handler
 .text.SysTick_Handler
                0x00000000080017b8        0xe ./Core/Src/stm32f4xx_it.o
                0x00000000080017b8                SysTick_Handler
 .text.EXTI9_5_IRQHandler
                0x00000000080017c6        0xe ./Core/Src/stm32f4xx_it.o
                0x00000000080017c6                EXTI9_5_IRQHandler
 .text.EXTI15_10_IRQHandler
                0x00000000080017d4       0x20 ./Core/Src/stm32f4xx_it.o
                0x00000000080017d4                EXTI15_10_IRQHandler
 .text.RTC_Alarm_IRQHandler
                0x00000000080017f4       0x14 ./Core/Src/stm32f4xx_it.o
                0x00000000080017f4                RTC_Alarm_IRQHandler
 .text.TIM6_DAC_IRQHandler
                0x0000000008001808       0x14 ./Core/Src/stm32f4xx_it.o
                0x0000000008001808                TIM6_DAC_IRQHandler
 .text._sbrk    0x000000000800181c       0x6c ./Core/Src/sysmem.o
                0x000000000800181c                _sbrk
 .text.SystemInit
                0x0000000008001888       0x2c ./Core/Src/system_stm32f4xx.o
                0x0000000008001888                SystemInit
 .text.Reset_Handler
                0x00000000080018b4       0x50 ./Core/Startup/startup_stm32f446retx.o
                0x00000000080018b4                Reset_Handler
 .text.Default_Handler
                0x0000000008001904        0x2 ./Core/Startup/startup_stm32f446retx.o
                0x0000000008001904                EXTI2_IRQHandler
                0x0000000008001904                TIM8_CC_IRQHandler
                0x0000000008001904                FMPI2C1_EV_IRQHandler
                0x0000000008001904                SPI4_IRQHandler
                0x0000000008001904                TIM1_CC_IRQHandler
                0x0000000008001904                DMA2_Stream5_IRQHandler
                0x0000000008001904                DMA1_Stream5_IRQHandler
                0x0000000008001904                PVD_IRQHandler
                0x0000000008001904                SDIO_IRQHandler
                0x0000000008001904                TAMP_STAMP_IRQHandler
                0x0000000008001904                CAN2_RX1_IRQHandler
                0x0000000008001904                EXTI3_IRQHandler
                0x0000000008001904                TIM8_TRG_COM_TIM14_IRQHandler
                0x0000000008001904                TIM1_UP_TIM10_IRQHandler
                0x0000000008001904                TIM8_UP_TIM13_IRQHandler
                0x0000000008001904                I2C3_ER_IRQHandler
                0x0000000008001904                EXTI0_IRQHandler
                0x0000000008001904                I2C2_EV_IRQHandler
                0x0000000008001904                DMA1_Stream2_IRQHandler
                0x0000000008001904                CAN1_RX0_IRQHandler
                0x0000000008001904                FPU_IRQHandler
                0x0000000008001904                OTG_HS_WKUP_IRQHandler
                0x0000000008001904                CAN2_SCE_IRQHandler
                0x0000000008001904                DMA2_Stream2_IRQHandler
                0x0000000008001904                SPI1_IRQHandler
                0x0000000008001904                TIM1_BRK_TIM9_IRQHandler
                0x0000000008001904                DCMI_IRQHandler
                0x0000000008001904                CAN2_RX0_IRQHandler
                0x0000000008001904                DMA2_Stream3_IRQHandler
                0x0000000008001904                SAI2_IRQHandler
                0x0000000008001904                USART6_IRQHandler
                0x0000000008001904                USART3_IRQHandler
                0x0000000008001904                CAN1_RX1_IRQHandler
                0x0000000008001904                UART5_IRQHandler
                0x0000000008001904                DMA2_Stream0_IRQHandler
                0x0000000008001904                TIM4_IRQHandler
                0x0000000008001904                QUADSPI_IRQHandler
                0x0000000008001904                I2C1_EV_IRQHandler
                0x0000000008001904                DMA1_Stream6_IRQHandler
                0x0000000008001904                DMA1_Stream1_IRQHandler
                0x0000000008001904                UART4_IRQHandler
                0x0000000008001904                TIM3_IRQHandler
                0x0000000008001904                RCC_IRQHandler
                0x0000000008001904                TIM8_BRK_TIM12_IRQHandler
                0x0000000008001904                Default_Handler
                0x0000000008001904                CEC_IRQHandler
                0x0000000008001904                ADC_IRQHandler
                0x0000000008001904                DMA1_Stream7_IRQHandler
                0x0000000008001904                TIM7_IRQHandler
                0x0000000008001904                CAN2_TX_IRQHandler
                0x0000000008001904                TIM5_IRQHandler
                0x0000000008001904                DMA2_Stream7_IRQHandler
                0x0000000008001904                I2C3_EV_IRQHandler
                0x0000000008001904                RTC_WKUP_IRQHandler
                0x0000000008001904                SPDIF_RX_IRQHandler
                0x0000000008001904                SPI2_IRQHandler
                0x0000000008001904                OTG_HS_EP1_IN_IRQHandler
                0x0000000008001904                DMA1_Stream0_IRQHandler
                0x0000000008001904                CAN1_TX_IRQHandler
                0x0000000008001904                FMPI2C1_ER_IRQHandler
                0x0000000008001904                EXTI4_IRQHandler
                0x0000000008001904                OTG_HS_EP1_OUT_IRQHandler
                0x0000000008001904                WWDG_IRQHandler
                0x0000000008001904                TIM2_IRQHandler
                0x0000000008001904                OTG_FS_WKUP_IRQHandler
                0x0000000008001904                TIM1_TRG_COM_TIM11_IRQHandler
                0x0000000008001904                OTG_HS_IRQHandler
                0x0000000008001904                EXTI1_IRQHandler
                0x0000000008001904                USART2_IRQHandler
                0x0000000008001904                I2C2_ER_IRQHandler
                0x0000000008001904                DMA2_Stream1_IRQHandler
                0x0000000008001904                CAN1_SCE_IRQHandler
                0x0000000008001904                FLASH_IRQHandler
                0x0000000008001904                DMA2_Stream4_IRQHandler
                0x0000000008001904                USART1_IRQHandler
                0x0000000008001904                OTG_FS_IRQHandler
                0x0000000008001904                SPI3_IRQHandler
                0x0000000008001904                DMA1_Stream4_IRQHandler
                0x0000000008001904                I2C1_ER_IRQHandler
                0x0000000008001904                FMC_IRQHandler
                0x0000000008001904                DMA2_Stream6_IRQHandler
                0x0000000008001904                SAI1_IRQHandler
                0x0000000008001904                DMA1_Stream3_IRQHandler
 *fill*         0x0000000008001906        0x2 
 .text.HAL_Init
                0x0000000008001908       0x44 ./Drivers/STM32F4xx_HAL_Driver/Src/stm32f4xx_hal.o
                0x0000000008001908                HAL_Init
 .text.HAL_IncTick
                0x000000000800194c       0x28 ./Drivers/STM32F4xx_HAL_Driver/Src/stm32f4xx_hal.o
                0x000000000800194c                HAL_IncTick
 .text.HAL_GetTick
                0x0000000008001974       0x18 ./Drivers/STM32F4xx_HAL_Driver/Src/stm32f4xx_hal.o
                0x0000000008001974                HAL_GetTick
 .text.__NVIC_SetPriorityGrouping
                0x000000000800198c       0x48 ./Drivers/STM32F4xx_HAL_Driver/Src/stm32f4xx_hal_cortex.o
 .text.__NVIC_GetPriorityGrouping
                0x00000000080019d4       0x1c ./Drivers/STM32F4xx_HAL_Driver/Src/stm32f4xx_hal_cortex.o
 .text.__NVIC_EnableIRQ
                0x00000000080019f0       0x3c ./Drivers/STM32F4xx_HAL_Driver/Src/stm32f4xx_hal_cortex.o
 .text.__NVIC_SetPriority
                0x0000000008001a2c       0x54 ./Drivers/STM32F4xx_HAL_Driver/Src/stm32f4xx_hal_cortex.o
 .text.NVIC_EncodePriority
                0x0000000008001a80       0x66 ./Drivers/STM32F4xx_HAL_Driver/Src/stm32f4xx_hal_cortex.o
 .text.HAL_NVIC_SetPriorityGrouping
                0x0000000008001ae6       0x16 ./Drivers/STM32F4xx_HAL_Driver/Src/stm32f4xx_hal_cortex.o
                0x0000000008001ae6                HAL_NVIC_SetPriorityGrouping
 .text.HAL_NVIC_SetPriority
                0x0000000008001afc       0x38 ./Drivers/STM32F4xx_HAL_Driver/Src/stm32f4xx_hal_cortex.o
                0x0000000008001afc                HAL_NVIC_SetPriority
 .text.HAL_NVIC_EnableIRQ
                0x0000000008001b34       0x1c ./Drivers/STM32F4xx_HAL_Driver/Src/stm32f4xx_hal_cortex.o
                0x0000000008001b34                HAL_NVIC_EnableIRQ
 .text.HAL_GPIO_Init
                0x0000000008001b50      0x328 ./Drivers/STM32F4xx_HAL_Driver/Src/stm32f4xx_hal_gpio.o
                0x0000000008001b50                HAL_GPIO_Init
 .text.HAL_GPIO_ReadPin
                0x0000000008001e78       0x30 ./Drivers/STM32F4xx_HAL_Driver/Src/stm32f4xx_hal_gpio.o
                0x0000000008001e78                HAL_GPIO_ReadPin
 .text.HAL_GPIO_WritePin
                0x0000000008001ea8       0x32 ./Drivers/STM32F4xx_HAL_Driver/Src/stm32f4xx_hal_gpio.o
                0x0000000008001ea8                HAL_GPIO_WritePin
 .text.HAL_GPIO_TogglePin
                0x0000000008001eda       0x34 ./Drivers/STM32F4xx_HAL_Driver/Src/stm32f4xx_hal_gpio.o
                0x0000000008001eda                HAL_GPIO_TogglePin
 *fill*         0x0000000008001f0e        0x2 
 .text.HAL_GPIO_EXTI_IRQHandler
                0x0000000008001f10       0x30 ./Drivers/STM32F4xx_HAL_Driver/Src/stm32f4xx_hal_gpio.o
                0x0000000008001f10                HAL_GPIO_EXTI_IRQHandler
 .text.HAL_RCC_ClockConfig
                0x0000000008001f40      0x1cc ./Drivers/STM32F4xx_HAL_Driver/Src/stm32f4xx_hal_rcc.o
                0x0000000008001f40                HAL_RCC_ClockConfig
 .text.HAL_RCC_GetHCLKFreq
                0x000000000800210c       0x18 ./Drivers/STM32F4xx_HAL_Driver/Src/stm32f4xx_hal_rcc.o
                0x000000000800210c                HAL_RCC_GetHCLKFreq
 .text.HAL_RCC_GetPCLK1Freq
                0x0000000008002124       0x28 ./Drivers/STM32F4xx_HAL_Driver/Src/stm32f4xx_hal_rcc.o
                0x0000000008002124                HAL_RCC_GetPCLK1Freq
 .text.HAL_RCC_GetPCLK2Freq
                0x000000000800214c       0x28 ./Drivers/STM32F4xx_HAL_Driver/Src/stm32f4xx_hal_rcc.o
                0x000000000800214c                HAL_RCC_GetPCLK2Freq
 .text.HAL_RCC_GetClockConfig
                0x0000000008002174       0x64 ./Drivers/STM32F4xx_HAL_Driver/Src/stm32f4xx_hal_rcc.o
                0x0000000008002174                HAL_RCC_GetClockConfig
 .text.HAL_RCCEx_PeriphCLKConfig
                0x00000000080021d8      0x654 ./Drivers/STM32F4xx_HAL_Driver/Src/stm32f4xx_hal_rcc_ex.o
                0x00000000080021d8                HAL_RCCEx_PeriphCLKConfig
 .text.HAL_RCC_GetSysClockFreq
                0x000000000800282c      0x354 ./Drivers/STM32F4xx_HAL_Driver/Src/stm32f4xx_hal_rcc_ex.o
                0x000000000800282c                HAL_RCC_GetSysClockFreq
 .text.HAL_RCC_OscConfig
                0x0000000008002b80      0x53c ./Drivers/STM32F4xx_HAL_Driver/Src/stm32f4xx_hal_rcc_ex.o
                0x0000000008002b80                HAL_RCC_OscConfig
 .text.HAL_RTC_Init
                0x00000000080030bc       0xec ./Drivers/STM32F4xx_HAL_Driver/Src/stm32f4xx_hal_rtc.o
                0x00000000080030bc                HAL_RTC_Init
 .text.HAL_RTC_SetTime
                0x00000000080031a8      0x134 ./Drivers/STM32F4xx_HAL_Driver/Src/stm32f4xx_hal_rtc.o
                0x00000000080031a8                HAL_RTC_SetTime
 .text.HAL_RTC_GetTime
                0x00000000080032dc       0xbc ./Drivers/STM32F4xx_HAL_Driver/Src/stm32f4xx_hal_rtc.o
                0x00000000080032dc                HAL_RTC_GetTime
 .text.HAL_RTC_SetDate
                0x0000000008003398      0x108 ./Drivers/STM32F4xx_HAL_Driver/Src/stm32f4xx_hal_rtc.o
                0x0000000008003398                HAL_RTC_SetDate
 .text.HAL_RTC_GetDate
                0x00000000080034a0       0x9e ./Drivers/STM32F4xx_HAL_Driver/Src/stm32f4xx_hal_rtc.o
                0x00000000080034a0                HAL_RTC_GetDate
 *fill*         0x000000000800353e        0x2 
 .text.HAL_RTC_SetAlarm_IT
                0x0000000008003540      0x284 ./Drivers/STM32F4xx_HAL_Driver/Src/stm32f4xx_hal_rtc.o
                0x0000000008003540                HAL_RTC_SetAlarm_IT
 .text.HAL_RTC_AlarmIRQHandler
                0x00000000080037c4       0x8c ./Drivers/STM32F4xx_HAL_Driver/Src/stm32f4xx_hal_rtc.o
                0x00000000080037c4                HAL_RTC_AlarmIRQHandler
 .text.HAL_RTC_WaitForSynchro
                0x0000000008003850       0x50 ./Drivers/STM32F4xx_HAL_Driver/Src/stm32f4xx_hal_rtc.o
                0x0000000008003850                HAL_RTC_WaitForSynchro
 .text.RTC_EnterInitMode
                0x00000000080038a0       0x6e ./Drivers/STM32F4xx_HAL_Driver/Src/stm32f4xx_hal_rtc.o
                0x00000000080038a0                RTC_EnterInitMode
 .text.RTC_ExitInitMode
                0x000000000800390e       0x4a ./Drivers/STM32F4xx_HAL_Driver/Src/stm32f4xx_hal_rtc.o
                0x000000000800390e                RTC_ExitInitMode
 .text.RTC_ByteToBcd2
                0x0000000008003958       0x3a ./Drivers/STM32F4xx_HAL_Driver/Src/stm32f4xx_hal_rtc.o
                0x0000000008003958                RTC_ByteToBcd2
 .text.RTC_Bcd2ToByte
                0x0000000008003992       0x38 ./Drivers/STM32F4xx_HAL_Driver/Src/stm32f4xx_hal_rtc.o
                0x0000000008003992                RTC_Bcd2ToByte
 .text.HAL_RTCEx_AlarmBEventCallback
                0x00000000080039ca       0x14 ./Drivers/STM32F4xx_HAL_Driver/Src/stm32f4xx_hal_rtc_ex.o
                0x00000000080039ca                HAL_RTCEx_AlarmBEventCallback
 .text.HAL_TIM_Base_Init
                0x00000000080039de       0x9e ./Drivers/STM32F4xx_HAL_Driver/Src/stm32f4xx_hal_tim.o
                0x00000000080039de                HAL_TIM_Base_Init
 .text.HAL_TIM_Base_Start
                0x0000000008003a7c       0xd0 ./Drivers/STM32F4xx_HAL_Driver/Src/stm32f4xx_hal_tim.o
                0x0000000008003a7c                HAL_TIM_Base_Start
 .text.HAL_TIM_Base_Start_IT
                0x0000000008003b4c       0xe0 ./Drivers/STM32F4xx_HAL_Driver/Src/stm32f4xx_hal_tim.o
                0x0000000008003b4c                HAL_TIM_Base_Start_IT
 .text.HAL_TIM_IRQHandler
                0x0000000008003c2c      0x210 ./Drivers/STM32F4xx_HAL_Driver/Src/stm32f4xx_hal_tim.o
                0x0000000008003c2c                HAL_TIM_IRQHandler
 .text.HAL_TIM_ConfigClockSource
                0x0000000008003e3c      0x18e ./Drivers/STM32F4xx_HAL_Driver/Src/stm32f4xx_hal_tim.o
                0x0000000008003e3c                HAL_TIM_ConfigClockSource
 .text.HAL_TIM_OC_DelayElapsedCallback
                0x0000000008003fca       0x14 ./Drivers/STM32F4xx_HAL_Driver/Src/stm32f4xx_hal_tim.o
                0x0000000008003fca                HAL_TIM_OC_DelayElapsedCallback
 .text.HAL_TIM_IC_CaptureCallback
                0x0000000008003fde       0x14 ./Drivers/STM32F4xx_HAL_Driver/Src/stm32f4xx_hal_tim.o
                0x0000000008003fde                HAL_TIM_IC_CaptureCallback
 .text.HAL_TIM_PWM_PulseFinishedCallback
                0x0000000008003ff2       0x14 ./Drivers/STM32F4xx_HAL_Driver/Src/stm32f4xx_hal_tim.o
                0x0000000008003ff2                HAL_TIM_PWM_PulseFinishedCallback
 .text.HAL_TIM_TriggerCallback
                0x0000000008004006       0x14 ./Drivers/STM32F4xx_HAL_Driver/Src/stm32f4xx_hal_tim.o
                0x0000000008004006                HAL_TIM_TriggerCallback
 *fill*         0x000000000800401a        0x2 
 .text.TIM_Base_SetConfig
                0x000000000800401c      0x140 ./Drivers/STM32F4xx_HAL_Driver/Src/stm32f4xx_hal_tim.o
                0x000000000800401c                TIM_Base_SetConfig
 .text.TIM_TI1_ConfigInputStage
                0x000000000800415c       0x5e ./Drivers/STM32F4xx_HAL_Driver/Src/stm32f4xx_hal_tim.o
 .text.TIM_TI2_ConfigInputStage
                0x00000000080041ba       0x60 ./Drivers/STM32F4xx_HAL_Driver/Src/stm32f4xx_hal_tim.o
 .text.TIM_ITRx_SetConfig
                0x000000000800421a       0x36 ./Drivers/STM32F4xx_HAL_Driver/Src/stm32f4xx_hal_tim.o
 .text.TIM_ETR_SetConfig
                0x0000000008004250       0x40 ./Drivers/STM32F4xx_HAL_Driver/Src/stm32f4xx_hal_tim.o
                0x0000000008004250                TIM_ETR_SetConfig
 .text.HAL_TIMEx_MasterConfigSynchronization
                0x0000000008004290       0xf8 ./Drivers/STM32F4xx_HAL_Driver/Src/stm32f4xx_hal_tim_ex.o
                0x0000000008004290                HAL_TIMEx_MasterConfigSynchronization
 .text.HAL_TIMEx_CommutCallback
                0x0000000008004388       0x14 ./Drivers/STM32F4xx_HAL_Driver/Src/stm32f4xx_hal_tim_ex.o
                0x0000000008004388                HAL_TIMEx_CommutCallback
 .text.HAL_TIMEx_BreakCallback
                0x000000000800439c       0x14 ./Drivers/STM32F4xx_HAL_Driver/Src/stm32f4xx_hal_tim_ex.o
                0x000000000800439c                HAL_TIMEx_BreakCallback
 .text.HAL_UART_Init
                0x00000000080043b0       0x9a ./Drivers/STM32F4xx_HAL_Driver/Src/stm32f4xx_hal_uart.o
                0x00000000080043b0                HAL_UART_Init
 *fill*         0x000000000800444a        0x2 
 .text.UART_SetConfig
                0x000000000800444c      0x4e8 ./Drivers/STM32F4xx_HAL_Driver/Src/stm32f4xx_hal_uart.o
 .text.sprintf  0x0000000008004934       0x40 c:/st/stm32cubeide_1.3.0/stm32cubeide/plugins/com.st.stm32cube.ide.mcu.externaltools.gnu-tools-for-stm32.11.3.rel1.win32_1.0.100.202301251239/tools/bin/../lib/gcc/arm-none-eabi/11.3.1/../../../../arm-none-eabi/lib/thumb/v7e-m+fp/hard\libc_nano.a(libc_a-sprintf.o)
                0x0000000008004934                siprintf
                0x0000000008004934                sprintf
 .text.memset   0x0000000008004974       0x10 c:/st/stm32cubeide_1.3.0/stm32cubeide/plugins/com.st.stm32cube.ide.mcu.externaltools.gnu-tools-for-stm32.11.3.rel1.win32_1.0.100.202301251239/tools/bin/../lib/gcc/arm-none-eabi/11.3.1/../../../../arm-none-eabi/lib/thumb/v7e-m+fp/hard\libc_nano.a(libc_a-memset.o)
                0x0000000008004974                memset
 .text.__errno  0x0000000008004984        0xc c:/st/stm32cubeide_1.3.0/stm32cubeide/plugins/com.st.stm32cube.ide.mcu.externaltools.gnu-tools-for-stm32.11.3.rel1.win32_1.0.100.202301251239/tools/bin/../lib/gcc/arm-none-eabi/11.3.1/../../../../arm-none-eabi/lib/thumb/v7e-m+fp/hard\libc_nano.a(libc_a-errno.o)
                0x0000000008004984                __errno
 .text.__libc_init_array
                0x0000000008004990       0x48 c:/st/stm32cubeide_1.3.0/stm32cubeide/plugins/com.st.stm32cube.ide.mcu.externaltools.gnu-tools-for-stm32.11.3.rel1.win32_1.0.100.202301251239/tools/bin/../lib/gcc/arm-none-eabi/11.3.1/../../../../arm-none-eabi/lib/thumb/v7e-m+fp/hard\libc_nano.a(libc_a-init.o)
                0x0000000008004990                __libc_init_array
 .text.__retarget_lock_acquire_recursive
                0x00000000080049d8        0x2 c:/st/stm32cubeide_1.3.0/stm32cubeide/plugins/com.st.stm32cube.ide.mcu.externaltools.gnu-tools-for-stm32.11.3.rel1.win32_1.0.100.202301251239/tools/bin/../lib/gcc/arm-none-eabi/11.3.1/../../../../arm-none-eabi/lib/thumb/v7e-m+fp/hard\libc_nano.a(libc_a-lock.o)
                0x00000000080049d8                __retarget_lock_acquire_recursive
 .text.__retarget_lock_release_recursive
                0x00000000080049da        0x2 c:/st/stm32cubeide_1.3.0/stm32cubeide/plugins/com.st.stm32cube.ide.mcu.externaltools.gnu-tools-for-stm32.11.3.rel1.win32_1.0.100.202301251239/tools/bin/../lib/gcc/arm-none-eabi/11.3.1/../../../../arm-none-eabi/lib/thumb/v7e-m+fp/hard\libc_nano.a(libc_a-lock.o)
                0x00000000080049da                __retarget_lock_release_recursive
 .text._free_r  0x00000000080049dc       0x98 c:/st/stm32cubeide_1.3.0/stm32cubeide/plugins/com.st.stm32cube.ide.mcu.externaltools.gnu-tools-for-stm32.11.3.rel1.win32_1.0.100.202301251239/tools/bin/../lib/gcc/arm-none-eabi/11.3.1/../../../../arm-none-eabi/lib/thumb/v7e-m+fp/hard\libc_nano.a(libc_a-freer.o)
                0x00000000080049dc                _free_r
 .text.sbrk_aligned
                0x0000000008004a74       0x40 c:/st/stm32cubeide_1.3.0/stm32cubeide/plugins/com.st.stm32cube.ide.mcu.externaltools.gnu-tools-for-stm32.11.3.rel1.win32_1.0.100.202301251239/tools/bin/../lib/gcc/arm-none-eabi/11.3.1/../../../../arm-none-eabi/lib/thumb/v7e-m+fp/hard\libc_nano.a(libc_a-mallocr.o)
 .text._malloc_r
                0x0000000008004ab4      0x100 c:/st/stm32cubeide_1.3.0/stm32cubeide/plugins/com.st.stm32cube.ide.mcu.externaltools.gnu-tools-for-stm32.11.3.rel1.win32_1.0.100.202301251239/tools/bin/../lib/gcc/arm-none-eabi/11.3.1/../../../../arm-none-eabi/lib/thumb/v7e-m+fp/hard\libc_nano.a(libc_a-mallocr.o)
                0x0000000008004ab4                _malloc_r
 .text.__malloc_lock
                0x0000000008004bb4        0xc c:/st/stm32cubeide_1.3.0/stm32cubeide/plugins/com.st.stm32cube.ide.mcu.externaltools.gnu-tools-for-stm32.11.3.rel1.win32_1.0.100.202301251239/tools/bin/../lib/gcc/arm-none-eabi/11.3.1/../../../../arm-none-eabi/lib/thumb/v7e-m+fp/hard\libc_nano.a(libc_a-mlock.o)
                0x0000000008004bb4                __malloc_lock
 .text.__malloc_unlock
                0x0000000008004bc0        0xc c:/st/stm32cubeide_1.3.0/stm32cubeide/plugins/com.st.stm32cube.ide.mcu.externaltools.gnu-tools-for-stm32.11.3.rel1.win32_1.0.100.202301251239/tools/bin/../lib/gcc/arm-none-eabi/11.3.1/../../../../arm-none-eabi/lib/thumb/v7e-m+fp/hard\libc_nano.a(libc_a-mlock.o)
                0x0000000008004bc0                __malloc_unlock
 .text.__ssputs_r
                0x0000000008004bcc       0xb4 c:/st/stm32cubeide_1.3.0/stm32cubeide/plugins/com.st.stm32cube.ide.mcu.externaltools.gnu-tools-for-stm32.11.3.rel1.win32_1.0.100.202301251239/tools/bin/../lib/gcc/arm-none-eabi/11.3.1/../../../../arm-none-eabi/lib/thumb/v7e-m+fp/hard\libc_nano.a(libc_a-nano-svfprintf.o)
                0x0000000008004bcc                __ssputs_r
 .text._svfprintf_r
                0x0000000008004c80      0x1fc c:/st/stm32cubeide_1.3.0/stm32cubeide/plugins/com.st.stm32cube.ide.mcu.externaltools.gnu-tools-for-stm32.11.3.rel1.win32_1.0.100.202301251239/tools/bin/../lib/gcc/arm-none-eabi/11.3.1/../../../../arm-none-eabi/lib/thumb/v7e-m+fp/hard\libc_nano.a(libc_a-nano-svfprintf.o)
                0x0000000008004c80                _svfiprintf_r
                0x0000000008004c80                _svfprintf_r
 .text._printf_common
                0x0000000008004e7c       0xda c:/st/stm32cubeide_1.3.0/stm32cubeide/plugins/com.st.stm32cube.ide.mcu.externaltools.gnu-tools-for-stm32.11.3.rel1.win32_1.0.100.202301251239/tools/bin/../lib/gcc/arm-none-eabi/11.3.1/../../../../arm-none-eabi/lib/thumb/v7e-m+fp/hard\libc_nano.a(libc_a-nano-vfprintf_i.o)
                0x0000000008004e7c                _printf_common
 *fill*         0x0000000008004f56        0x2 
 .text._printf_i
                0x0000000008004f58      0x244 c:/st/stm32cubeide_1.3.0/stm32cubeide/plugins/com.st.stm32cube.ide.mcu.externaltools.gnu-tools-for-stm32.11.3.rel1.win32_1.0.100.202301251239/tools/bin/../lib/gcc/arm-none-eabi/11.3.1/../../../../arm-none-eabi/lib/thumb/v7e-m+fp/hard\libc_nano.a(libc_a-nano-vfprintf_i.o)
                0x0000000008004f58                _printf_i
 .text.memmove  0x000000000800519c       0x34 c:/st/stm32cubeide_1.3.0/stm32cubeide/plugins/com.st.stm32cube.ide.mcu.externaltools.gnu-tools-for-stm32.11.3.rel1.win32_1.0.100.202301251239/tools/bin/../lib/gcc/arm-none-eabi/11.3.1/../../../../arm-none-eabi/lib/thumb/v7e-m+fp/hard\libc_nano.a(libc_a-memmove.o)
                0x000000000800519c                memmove
 .text._sbrk_r  0x00000000080051d0       0x20 c:/st/stm32cubeide_1.3.0/stm32cubeide/plugins/com.st.stm32cube.ide.mcu.externaltools.gnu-tools-for-stm32.11.3.rel1.win32_1.0.100.202301251239/tools/bin/../lib/gcc/arm-none-eabi/11.3.1/../../../../arm-none-eabi/lib/thumb/v7e-m+fp/hard\libc_nano.a(libc_a-sbrkr.o)
                0x00000000080051d0                _sbrk_r
 .text.memcpy   0x00000000080051f0       0x1c c:/st/stm32cubeide_1.3.0/stm32cubeide/plugins/com.st.stm32cube.ide.mcu.externaltools.gnu-tools-for-stm32.11.3.rel1.win32_1.0.100.202301251239/tools/bin/../lib/gcc/arm-none-eabi/11.3.1/../../../../arm-none-eabi/lib/thumb/v7e-m+fp/hard\libc_nano.a(libc_a-memcpy-stub.o)
                0x00000000080051f0                memcpy
 .text._realloc_r
                0x000000000800520c       0x5e c:/st/stm32cubeide_1.3.0/stm32cubeide/plugins/com.st.stm32cube.ide.mcu.externaltools.gnu-tools-for-stm32.11.3.rel1.win32_1.0.100.202301251239/tools/bin/../lib/gcc/arm-none-eabi/11.3.1/../../../../arm-none-eabi/lib/thumb/v7e-m+fp/hard\libc_nano.a(libc_a-reallocr.o)
                0x000000000800520c                _realloc_r
 .text._malloc_usable_size_r
                0x000000000800526a       0x10 c:/st/stm32cubeide_1.3.0/stm32cubeide/plugins/com.st.stm32cube.ide.mcu.externaltools.gnu-tools-for-stm32.11.3.rel1.win32_1.0.100.202301251239/tools/bin/../lib/gcc/arm-none-eabi/11.3.1/../../../../arm-none-eabi/lib/thumb/v7e-m+fp/hard\libc_nano.a(libc_a-msizer.o)
                0x000000000800526a                _malloc_usable_size_r
 *(.glue_7)
 .glue_7        0x000000000800527a        0x0 linker stubs
 *(.glue_7t)
 .glue_7t       0x000000000800527a        0x0 linker stubs
 *(.eh_frame)
 *fill*         0x000000000800527a        0x2 
 .eh_frame      0x000000000800527c        0x0 c:/st/stm32cubeide_1.3.0/stm32cubeide/plugins/com.st.stm32cube.ide.mcu.externaltools.gnu-tools-for-stm32.11.3.rel1.win32_1.0.100.202301251239/tools/bin/../lib/gcc/arm-none-eabi/11.3.1/thumb/v7e-m+fp/hard/crtbegin.o
 *(.init)
 .init          0x000000000800527c        0x4 c:/st/stm32cubeide_1.3.0/stm32cubeide/plugins/com.st.stm32cube.ide.mcu.externaltools.gnu-tools-for-stm32.11.3.rel1.win32_1.0.100.202301251239/tools/bin/../lib/gcc/arm-none-eabi/11.3.1/thumb/v7e-m+fp/hard/crti.o
                0x000000000800527c                _init
 .init          0x0000000008005280        0x8 c:/st/stm32cubeide_1.3.0/stm32cubeide/plugins/com.st.stm32cube.ide.mcu.externaltools.gnu-tools-for-stm32.11.3.rel1.win32_1.0.100.202301251239/tools/bin/../lib/gcc/arm-none-eabi/11.3.1/thumb/v7e-m+fp/hard/crtn.o
 *(.fini)
 .fini          0x0000000008005288        0x4 c:/st/stm32cubeide_1.3.0/stm32cubeide/plugins/com.st.stm32cube.ide.mcu.externaltools.gnu-tools-for-stm32.11.3.rel1.win32_1.0.100.202301251239/tools/bin/../lib/gcc/arm-none-eabi/11.3.1/thumb/v7e-m+fp/hard/crti.o
                0x0000000008005288                _fini
 .fini          0x000000000800528c        0x8 c:/st/stm32cubeide_1.3.0/stm32cubeide/plugins/com.st.stm32cube.ide.mcu.externaltools.gnu-tools-for-stm32.11.3.rel1.win32_1.0.100.202301251239/tools/bin/../lib/gcc/arm-none-eabi/11.3.1/thumb/v7e-m+fp/hard/crtn.o
                0x0000000008005294                . = ALIGN (0x4)
                0x0000000008005294                _etext = .

.vfp11_veneer   0x0000000008005294        0x0
 .vfp11_veneer  0x0000000008005294        0x0 linker stubs

.v4_bx          0x0000000008005294        0x0
 .v4_bx         0x0000000008005294        0x0 linker stubs

.iplt           0x0000000008005294        0x0
 .iplt          0x0000000008005294        0x0 c:/st/stm32cubeide_1.3.0/stm32cubeide/plugins/com.st.stm32cube.ide.mcu.externaltools.gnu-tools-for-stm32.11.3.rel1.win32_1.0.100.202301251239/tools/bin/../lib/gcc/arm-none-eabi/11.3.1/thumb/v7e-m+fp/hard/crtbegin.o

.rodata         0x0000000008005294       0xfc
                0x0000000008005294                . = ALIGN (0x4)
 *(.rodata)
 .rodata        0x0000000008005294       0x96 ./Core/Src/Digital_Clock.o
 *(.rodata*)
 *fill*         0x000000000800532a        0x2 
 .rodata.str_am
                0x000000000800532c        0x3 ./Core/Src/RTC.o
                0x000000000800532c                str_am
 *fill*         0x000000000800532f        0x1 
 .rodata.str_pm
                0x0000000008005330        0x3 ./Core/Src/RTC.o
                0x0000000008005330                str_pm
 *fill*         0x0000000008005333        0x1 
 .rodata.text   0x0000000008005334        0xd ./Core/Src/main.o
                0x0000000008005334                text
 *fill*         0x0000000008005341        0x3 
 .rodata.AHBPrescTable
                0x0000000008005344       0x10 ./Core/Src/system_stm32f4xx.o
                0x0000000008005344                AHBPrescTable
 .rodata.APBPrescTable
                0x0000000008005354        0x8 ./Core/Src/system_stm32f4xx.o
                0x0000000008005354                APBPrescTable
 .rodata._svfprintf_r.str1.1
                0x000000000800535c       0x11 c:/st/stm32cubeide_1.3.0/stm32cubeide/plugins/com.st.stm32cube.ide.mcu.externaltools.gnu-tools-for-stm32.11.3.rel1.win32_1.0.100.202301251239/tools/bin/../lib/gcc/arm-none-eabi/11.3.1/../../../../arm-none-eabi/lib/thumb/v7e-m+fp/hard\libc_nano.a(libc_a-nano-svfprintf.o)
 .rodata._printf_i.str1.1
                0x000000000800536d       0x22 c:/st/stm32cubeide_1.3.0/stm32cubeide/plugins/com.st.stm32cube.ide.mcu.externaltools.gnu-tools-for-stm32.11.3.rel1.win32_1.0.100.202301251239/tools/bin/../lib/gcc/arm-none-eabi/11.3.1/../../../../arm-none-eabi/lib/thumb/v7e-m+fp/hard\libc_nano.a(libc_a-nano-vfprintf_i.o)
                0x0000000008005390                . = ALIGN (0x4)
 *fill*         0x000000000800538f        0x1 

.ARM.extab      0x0000000008005390        0x0
                0x0000000008005390                . = ALIGN (0x4)
 *(.ARM.extab* .gnu.linkonce.armextab.*)
                0x0000000008005390                . = ALIGN (0x4)

.ARM            0x0000000008005390        0x8
                0x0000000008005390                . = ALIGN (0x4)
                0x0000000008005390                __exidx_start = .
 *(.ARM.exidx*)
 .ARM.exidx     0x0000000008005390        0x8 c:/st/stm32cubeide_1.3.0/stm32cubeide/plugins/com.st.stm32cube.ide.mcu.externaltools.gnu-tools-for-stm32.11.3.rel1.win32_1.0.100.202301251239/tools/bin/../lib/gcc/arm-none-eabi/11.3.1/thumb/v7e-m+fp/hard\libgcc.a(_udivmoddi4.o)
                0x0000000008005398                __exidx_end = .
                0x0000000008005398                . = ALIGN (0x4)

.rel.dyn        0x0000000008005398        0x0
 .rel.iplt      0x0000000008005398        0x0 c:/st/stm32cubeide_1.3.0/stm32cubeide/plugins/com.st.stm32cube.ide.mcu.externaltools.gnu-tools-for-stm32.11.3.rel1.win32_1.0.100.202301251239/tools/bin/../lib/gcc/arm-none-eabi/11.3.1/thumb/v7e-m+fp/hard/crtbegin.o

.preinit_array  0x0000000008005398        0x0
                0x0000000008005398                . = ALIGN (0x4)
                0x0000000008005398                PROVIDE (__preinit_array_start = .)
 *(.preinit_array*)
                0x0000000008005398                PROVIDE (__preinit_array_end = .)
                0x0000000008005398                . = ALIGN (0x4)

.init_array     0x0000000008005398        0x4
                0x0000000008005398                . = ALIGN (0x4)
                0x0000000008005398                PROVIDE (__init_array_start = .)
 *(SORT_BY_NAME(.init_array.*))
 *(.init_array*)
 .init_array    0x0000000008005398        0x4 c:/st/stm32cubeide_1.3.0/stm32cubeide/plugins/com.st.stm32cube.ide.mcu.externaltools.gnu-tools-for-stm32.11.3.rel1.win32_1.0.100.202301251239/tools/bin/../lib/gcc/arm-none-eabi/11.3.1/thumb/v7e-m+fp/hard/crtbegin.o
                0x000000000800539c                PROVIDE (__init_array_end = .)
                0x000000000800539c                . = ALIGN (0x4)

.fini_array     0x000000000800539c        0x4
                0x000000000800539c                . = ALIGN (0x4)
                [!provide]                        PROVIDE (__fini_array_start = .)
 *(SORT_BY_NAME(.fini_array.*))
 *(.fini_array*)
 .fini_array    0x000000000800539c        0x4 c:/st/stm32cubeide_1.3.0/stm32cubeide/plugins/com.st.stm32cube.ide.mcu.externaltools.gnu-tools-for-stm32.11.3.rel1.win32_1.0.100.202301251239/tools/bin/../lib/gcc/arm-none-eabi/11.3.1/thumb/v7e-m+fp/hard/crtbegin.o
                [!provide]                        PROVIDE (__fini_array_end = .)
                0x00000000080053a0                . = ALIGN (0x4)
                0x00000000080053a0                _sidata = LOADADDR (.data)

.data           0x0000000020000000       0x64 load address 0x00000000080053a0
                0x0000000020000000                . = ALIGN (0x4)
                0x0000000020000000                _sdata = .
 *(.data)
 *(.data*)
 .data.str      0x0000000020000000        0x8 ./Core/Src/RTC.o
                0x0000000020000000                str
 .data.SystemCoreClock
                0x0000000020000008        0x4 ./Core/Src/system_stm32f4xx.o
                0x0000000020000008                SystemCoreClock
 .data.uwTickPrio
                0x000000002000000c        0x4 ./Drivers/STM32F4xx_HAL_Driver/Src/stm32f4xx_hal.o
                0x000000002000000c                uwTickPrio
 .data.uwTickFreq
                0x0000000020000010        0x1 ./Drivers/STM32F4xx_HAL_Driver/Src/stm32f4xx_hal.o
                0x0000000020000010                uwTickFreq
 *fill*         0x0000000020000011        0x3 
 .data._impure_data
                0x0000000020000014       0x4c c:/st/stm32cubeide_1.3.0/stm32cubeide/plugins/com.st.stm32cube.ide.mcu.externaltools.gnu-tools-for-stm32.11.3.rel1.win32_1.0.100.202301251239/tools/bin/../lib/gcc/arm-none-eabi/11.3.1/../../../../arm-none-eabi/lib/thumb/v7e-m+fp/hard\libc_nano.a(libc_a-impure.o)
                0x0000000020000014                _impure_data
 .data._impure_ptr
                0x0000000020000060        0x4 c:/st/stm32cubeide_1.3.0/stm32cubeide/plugins/com.st.stm32cube.ide.mcu.externaltools.gnu-tools-for-stm32.11.3.rel1.win32_1.0.100.202301251239/tools/bin/../lib/gcc/arm-none-eabi/11.3.1/../../../../arm-none-eabi/lib/thumb/v7e-m+fp/hard\libc_nano.a(libc_a-impure.o)
                0x0000000020000060                _impure_ptr
                0x0000000020000064                . = ALIGN (0x4)
                0x0000000020000064                _edata = .

.igot.plt       0x0000000020000064        0x0 load address 0x0000000008005404
 .igot.plt      0x0000000020000064        0x0 c:/st/stm32cubeide_1.3.0/stm32cubeide/plugins/com.st.stm32cube.ide.mcu.externaltools.gnu-tools-for-stm32.11.3.rel1.win32_1.0.100.202301251239/tools/bin/../lib/gcc/arm-none-eabi/11.3.1/thumb/v7e-m+fp/hard/crtbegin.o
                0x0000000020000064                . = ALIGN (0x4)

.bss            0x0000000020000064      0x2e0 load address 0x0000000008005404
                0x0000000020000064                _sbss = .
                0x0000000020000064                __bss_start__ = _sbss
 *(.bss)
 .bss           0x0000000020000064       0x1c c:/st/stm32cubeide_1.3.0/stm32cubeide/plugins/com.st.stm32cube.ide.mcu.externaltools.gnu-tools-for-stm32.11.3.rel1.win32_1.0.100.202301251239/tools/bin/../lib/gcc/arm-none-eabi/11.3.1/thumb/v7e-m+fp/hard/crtbegin.o
 *(.bss*)
 .bss.Buffer_date
                0x0000000020000080        0xb ./Core/Src/Digital_Clock.o
 *fill*         0x000000002000008b        0x1 
 .bss.Buffer_time
                0x000000002000008c        0xb ./Core/Src/Digital_Clock.o
 *fill*         0x0000000020000097        0x1 
 .bss.Buffer    0x0000000020000098       0x10 ./Core/Src/Digital_Clock.o
 .bss.Gglobal_time
                0x00000000200000a8       0x14 ./Core/Src/Digital_Clock.o
 .bss.Gglobal_date
                0x00000000200000bc        0x4 ./Core/Src/Digital_Clock.o
 .bss.STime     0x00000000200000c0       0x14 ./Core/Src/Digital_Clock.o
 .bss.SDate     0x00000000200000d4        0x4 ./Core/Src/Digital_Clock.o
 .bss.date_config
                0x00000000200000d8       0x1c ./Core/Src/Digital_Clock.o
                0x00000000200000d8                date_config
 .bss.hrtc      0x00000000200000f4       0x20 ./Core/Src/main.o
                0x00000000200000f4                hrtc
 .bss.htim5     0x0000000020000114       0x48 ./Core/Src/main.o
                0x0000000020000114                htim5
 .bss.huart4    0x000000002000015c       0x44 ./Core/Src/main.o
                0x000000002000015c                huart4
 .bss.G_Status_F
                0x00000000200001a0        0x4 ./Core/Src/main.o
                0x00000000200001a0                G_Status_F
 .bss.G_Variables
                0x00000000200001a4        0x4 ./Core/Src/main.o
                0x00000000200001a4                G_Variables
 .bss.global_counter
                0x00000000200001a8        0x1 ./Core/Src/main.o
                0x00000000200001a8                global_counter
 *fill*         0x00000000200001a9        0x3 
 .bss.htim6     0x00000000200001ac       0x48 ./Core/Src/stm32f4xx_hal_timebase_tim.o
                0x00000000200001ac                htim6
 .bss.__sbrk_heap_end
                0x00000000200001f4        0x4 ./Core/Src/sysmem.o
 .bss.uwTick    0x00000000200001f8        0x4 ./Drivers/STM32F4xx_HAL_Driver/Src/stm32f4xx_hal.o
                0x00000000200001f8                uwTick
 .bss.__sf      0x00000000200001fc      0x138 c:/st/stm32cubeide_1.3.0/stm32cubeide/plugins/com.st.stm32cube.ide.mcu.externaltools.gnu-tools-for-stm32.11.3.rel1.win32_1.0.100.202301251239/tools/bin/../lib/gcc/arm-none-eabi/11.3.1/../../../../arm-none-eabi/lib/thumb/v7e-m+fp/hard\libc_nano.a(libc_a-findfp.o)
                0x00000000200001fc                __sf
 .bss.errno     0x0000000020000334        0x4 c:/st/stm32cubeide_1.3.0/stm32cubeide/plugins/com.st.stm32cube.ide.mcu.externaltools.gnu-tools-for-stm32.11.3.rel1.win32_1.0.100.202301251239/tools/bin/../lib/gcc/arm-none-eabi/11.3.1/../../../../arm-none-eabi/lib/thumb/v7e-m+fp/hard\libc_nano.a(libc_a-reent.o)
                0x0000000020000334                errno
 .bss.__lock___malloc_recursive_mutex
                0x0000000020000338        0x1 c:/st/stm32cubeide_1.3.0/stm32cubeide/plugins/com.st.stm32cube.ide.mcu.externaltools.gnu-tools-for-stm32.11.3.rel1.win32_1.0.100.202301251239/tools/bin/../lib/gcc/arm-none-eabi/11.3.1/../../../../arm-none-eabi/lib/thumb/v7e-m+fp/hard\libc_nano.a(libc_a-lock.o)
                0x0000000020000338                __lock___malloc_recursive_mutex
 *fill*         0x0000000020000339        0x3 
 .bss.__malloc_free_list
                0x000000002000033c        0x4 c:/st/stm32cubeide_1.3.0/stm32cubeide/plugins/com.st.stm32cube.ide.mcu.externaltools.gnu-tools-for-stm32.11.3.rel1.win32_1.0.100.202301251239/tools/bin/../lib/gcc/arm-none-eabi/11.3.1/../../../../arm-none-eabi/lib/thumb/v7e-m+fp/hard\libc_nano.a(libc_a-mallocr.o)
                0x000000002000033c                __malloc_free_list
 .bss.__malloc_sbrk_start
                0x0000000020000340        0x4 c:/st/stm32cubeide_1.3.0/stm32cubeide/plugins/com.st.stm32cube.ide.mcu.externaltools.gnu-tools-for-stm32.11.3.rel1.win32_1.0.100.202301251239/tools/bin/../lib/gcc/arm-none-eabi/11.3.1/../../../../arm-none-eabi/lib/thumb/v7e-m+fp/hard\libc_nano.a(libc_a-mallocr.o)
                0x0000000020000340                __malloc_sbrk_start
 *(COMMON)
                0x0000000020000344                . = ALIGN (0x4)
                0x0000000020000344                _ebss = .
                0x0000000020000344                __bss_end__ = _ebss

._user_heap_stack
                0x0000000020000344      0x604 load address 0x0000000008005404
                0x0000000020000348                . = ALIGN (0x8)
 *fill*         0x0000000020000344        0x4 
                [!provide]                        PROVIDE (end = .)
                0x0000000020000348                PROVIDE (_end = .)
                0x0000000020000548                . = (. + _Min_Heap_Size)
 *fill*         0x0000000020000348      0x200 
                0x0000000020000948                . = (. + _Min_Stack_Size)
 *fill*         0x0000000020000548      0x400 
                0x0000000020000948                . = ALIGN (0x8)

/DISCARD/
 libc.a(*)
 libm.a(*)
 libgcc.a(*)

.ARM.attributes
                0x0000000000000000       0x30
 *(.ARM.attributes)
 .ARM.attributes
                0x0000000000000000       0x1e c:/st/stm32cubeide_1.3.0/stm32cubeide/plugins/com.st.stm32cube.ide.mcu.externaltools.gnu-tools-for-stm32.11.3.rel1.win32_1.0.100.202301251239/tools/bin/../lib/gcc/arm-none-eabi/11.3.1/thumb/v7e-m+fp/hard/crti.o
 .ARM.attributes
                0x000000000000001e       0x34 c:/st/stm32cubeide_1.3.0/stm32cubeide/plugins/com.st.stm32cube.ide.mcu.externaltools.gnu-tools-for-stm32.11.3.rel1.win32_1.0.100.202301251239/tools/bin/../lib/gcc/arm-none-eabi/11.3.1/thumb/v7e-m+fp/hard/crtbegin.o
 .ARM.attributes
                0x0000000000000052       0x34 ./Core/Src/BSP_STM32F446E.o
 .ARM.attributes
                0x0000000000000086       0x34 ./Core/Src/Digital_Clock.o
 .ARM.attributes
                0x00000000000000ba       0x34 ./Core/Src/LCD_1602.o
 .ARM.attributes
                0x00000000000000ee       0x34 ./Core/Src/RTC.o
 .ARM.attributes
                0x0000000000000122       0x34 ./Core/Src/main.o
 .ARM.attributes
                0x0000000000000156       0x34 ./Core/Src/stm32f4xx_hal_msp.o
 .ARM.attributes
                0x000000000000018a       0x34 ./Core/Src/stm32f4xx_hal_timebase_tim.o
 .ARM.attributes
                0x00000000000001be       0x34 ./Core/Src/stm32f4xx_it.o
 .ARM.attributes
                0x00000000000001f2       0x34 ./Core/Src/sysmem.o
 .ARM.attributes
                0x0000000000000226       0x34 ./Core/Src/system_stm32f4xx.o
 .ARM.attributes
                0x000000000000025a       0x21 ./Core/Startup/startup_stm32f446retx.o
 .ARM.attributes
                0x000000000000027b       0x34 ./Drivers/STM32F4xx_HAL_Driver/Src/stm32f4xx_hal.o
 .ARM.attributes
                0x00000000000002af       0x34 ./Drivers/STM32F4xx_HAL_Driver/Src/stm32f4xx_hal_cortex.o
 .ARM.attributes
                0x00000000000002e3       0x34 ./Drivers/STM32F4xx_HAL_Driver/Src/stm32f4xx_hal_gpio.o
 .ARM.attributes
                0x0000000000000317       0x34 ./Drivers/STM32F4xx_HAL_Driver/Src/stm32f4xx_hal_rcc.o
 .ARM.attributes
                0x000000000000034b       0x34 ./Drivers/STM32F4xx_HAL_Driver/Src/stm32f4xx_hal_rcc_ex.o
 .ARM.attributes
                0x000000000000037f       0x34 ./Drivers/STM32F4xx_HAL_Driver/Src/stm32f4xx_hal_rtc.o
 .ARM.attributes
                0x00000000000003b3       0x34 ./Drivers/STM32F4xx_HAL_Driver/Src/stm32f4xx_hal_rtc_ex.o
 .ARM.attributes
                0x00000000000003e7       0x34 ./Drivers/STM32F4xx_HAL_Driver/Src/stm32f4xx_hal_tim.o
 .ARM.attributes
                0x000000000000041b       0x34 ./Drivers/STM32F4xx_HAL_Driver/Src/stm32f4xx_hal_tim_ex.o
 .ARM.attributes
                0x000000000000044f       0x34 ./Drivers/STM32F4xx_HAL_Driver/Src/stm32f4xx_hal_uart.o
 .ARM.attributes
                0x0000000000000483       0x34 c:/st/stm32cubeide_1.3.0/stm32cubeide/plugins/com.st.stm32cube.ide.mcu.externaltools.gnu-tools-for-stm32.11.3.rel1.win32_1.0.100.202301251239/tools/bin/../lib/gcc/arm-none-eabi/11.3.1/../../../../arm-none-eabi/lib/thumb/v7e-m+fp/hard\libc_nano.a(libc_a-findfp.o)
 .ARM.attributes
                0x00000000000004b7       0x34 c:/st/stm32cubeide_1.3.0/stm32cubeide/plugins/com.st.stm32cube.ide.mcu.externaltools.gnu-tools-for-stm32.11.3.rel1.win32_1.0.100.202301251239/tools/bin/../lib/gcc/arm-none-eabi/11.3.1/../../../../arm-none-eabi/lib/thumb/v7e-m+fp/hard\libc_nano.a(libc_a-sprintf.o)
 .ARM.attributes
                0x00000000000004eb       0x34 c:/st/stm32cubeide_1.3.0/stm32cubeide/plugins/com.st.stm32cube.ide.mcu.externaltools.gnu-tools-for-stm32.11.3.rel1.win32_1.0.100.202301251239/tools/bin/../lib/gcc/arm-none-eabi/11.3.1/../../../../arm-none-eabi/lib/thumb/v7e-m+fp/hard\libc_nano.a(libc_a-memset.o)
 .ARM.attributes
                0x000000000000051f       0x34 c:/st/stm32cubeide_1.3.0/stm32cubeide/plugins/com.st.stm32cube.ide.mcu.externaltools.gnu-tools-for-stm32.11.3.rel1.win32_1.0.100.202301251239/tools/bin/../lib/gcc/arm-none-eabi/11.3.1/../../../../arm-none-eabi/lib/thumb/v7e-m+fp/hard\libc_nano.a(libc_a-reent.o)
 .ARM.attributes
                0x0000000000000553       0x34 c:/st/stm32cubeide_1.3.0/stm32cubeide/plugins/com.st.stm32cube.ide.mcu.externaltools.gnu-tools-for-stm32.11.3.rel1.win32_1.0.100.202301251239/tools/bin/../lib/gcc/arm-none-eabi/11.3.1/../../../../arm-none-eabi/lib/thumb/v7e-m+fp/hard\libc_nano.a(libc_a-impure.o)
 .ARM.attributes
                0x0000000000000587       0x34 c:/st/stm32cubeide_1.3.0/stm32cubeide/plugins/com.st.stm32cube.ide.mcu.externaltools.gnu-tools-for-stm32.11.3.rel1.win32_1.0.100.202301251239/tools/bin/../lib/gcc/arm-none-eabi/11.3.1/../../../../arm-none-eabi/lib/thumb/v7e-m+fp/hard\libc_nano.a(libc_a-errno.o)
 .ARM.attributes
                0x00000000000005bb       0x34 c:/st/stm32cubeide_1.3.0/stm32cubeide/plugins/com.st.stm32cube.ide.mcu.externaltools.gnu-tools-for-stm32.11.3.rel1.win32_1.0.100.202301251239/tools/bin/../lib/gcc/arm-none-eabi/11.3.1/../../../../arm-none-eabi/lib/thumb/v7e-m+fp/hard\libc_nano.a(libc_a-init.o)
 .ARM.attributes
                0x00000000000005ef       0x34 c:/st/stm32cubeide_1.3.0/stm32cubeide/plugins/com.st.stm32cube.ide.mcu.externaltools.gnu-tools-for-stm32.11.3.rel1.win32_1.0.100.202301251239/tools/bin/../lib/gcc/arm-none-eabi/11.3.1/../../../../arm-none-eabi/lib/thumb/v7e-m+fp/hard\libc_nano.a(libc_a-lock.o)
 .ARM.attributes
                0x0000000000000623       0x34 c:/st/stm32cubeide_1.3.0/stm32cubeide/plugins/com.st.stm32cube.ide.mcu.externaltools.gnu-tools-for-stm32.11.3.rel1.win32_1.0.100.202301251239/tools/bin/../lib/gcc/arm-none-eabi/11.3.1/../../../../arm-none-eabi/lib/thumb/v7e-m+fp/hard\libc_nano.a(libc_a-freer.o)
 .ARM.attributes
                0x0000000000000657       0x34 c:/st/stm32cubeide_1.3.0/stm32cubeide/plugins/com.st.stm32cube.ide.mcu.externaltools.gnu-tools-for-stm32.11.3.rel1.win32_1.0.100.202301251239/tools/bin/../lib/gcc/arm-none-eabi/11.3.1/../../../../arm-none-eabi/lib/thumb/v7e-m+fp/hard\libc_nano.a(libc_a-mallocr.o)
 .ARM.attributes
                0x000000000000068b       0x34 c:/st/stm32cubeide_1.3.0/stm32cubeide/plugins/com.st.stm32cube.ide.mcu.externaltools.gnu-tools-for-stm32.11.3.rel1.win32_1.0.100.202301251239/tools/bin/../lib/gcc/arm-none-eabi/11.3.1/../../../../arm-none-eabi/lib/thumb/v7e-m+fp/hard\libc_nano.a(libc_a-mlock.o)
 .ARM.attributes
                0x00000000000006bf       0x34 c:/st/stm32cubeide_1.3.0/stm32cubeide/plugins/com.st.stm32cube.ide.mcu.externaltools.gnu-tools-for-stm32.11.3.rel1.win32_1.0.100.202301251239/tools/bin/../lib/gcc/arm-none-eabi/11.3.1/../../../../arm-none-eabi/lib/thumb/v7e-m+fp/hard\libc_nano.a(libc_a-nano-svfprintf.o)
 .ARM.attributes
                0x00000000000006f3       0x34 c:/st/stm32cubeide_1.3.0/stm32cubeide/plugins/com.st.stm32cube.ide.mcu.externaltools.gnu-tools-for-stm32.11.3.rel1.win32_1.0.100.202301251239/tools/bin/../lib/gcc/arm-none-eabi/11.3.1/../../../../arm-none-eabi/lib/thumb/v7e-m+fp/hard\libc_nano.a(libc_a-nano-vfprintf_i.o)
 .ARM.attributes
                0x0000000000000727       0x34 c:/st/stm32cubeide_1.3.0/stm32cubeide/plugins/com.st.stm32cube.ide.mcu.externaltools.gnu-tools-for-stm32.11.3.rel1.win32_1.0.100.202301251239/tools/bin/../lib/gcc/arm-none-eabi/11.3.1/../../../../arm-none-eabi/lib/thumb/v7e-m+fp/hard\libc_nano.a(libc_a-memmove.o)
 .ARM.attributes
                0x000000000000075b       0x34 c:/st/stm32cubeide_1.3.0/stm32cubeide/plugins/com.st.stm32cube.ide.mcu.externaltools.gnu-tools-for-stm32.11.3.rel1.win32_1.0.100.202301251239/tools/bin/../lib/gcc/arm-none-eabi/11.3.1/../../../../arm-none-eabi/lib/thumb/v7e-m+fp/hard\libc_nano.a(libc_a-sbrkr.o)
 .ARM.attributes
                0x000000000000078f       0x1c c:/st/stm32cubeide_1.3.0/stm32cubeide/plugins/com.st.stm32cube.ide.mcu.externaltools.gnu-tools-for-stm32.11.3.rel1.win32_1.0.100.202301251239/tools/bin/../lib/gcc/arm-none-eabi/11.3.1/../../../../arm-none-eabi/lib/thumb/v7e-m+fp/hard\libc_nano.a(libc_a-memchr.o)
 .ARM.attributes
                0x00000000000007ab       0x34 c:/st/stm32cubeide_1.3.0/stm32cubeide/plugins/com.st.stm32cube.ide.mcu.externaltools.gnu-tools-for-stm32.11.3.rel1.win32_1.0.100.202301251239/tools/bin/../lib/gcc/arm-none-eabi/11.3.1/../../../../arm-none-eabi/lib/thumb/v7e-m+fp/hard\libc_nano.a(libc_a-memcpy-stub.o)
 .ARM.attributes
                0x00000000000007df       0x34 c:/st/stm32cubeide_1.3.0/stm32cubeide/plugins/com.st.stm32cube.ide.mcu.externaltools.gnu-tools-for-stm32.11.3.rel1.win32_1.0.100.202301251239/tools/bin/../lib/gcc/arm-none-eabi/11.3.1/../../../../arm-none-eabi/lib/thumb/v7e-m+fp/hard\libc_nano.a(libc_a-reallocr.o)
 .ARM.attributes
                0x0000000000000813       0x34 c:/st/stm32cubeide_1.3.0/stm32cubeide/plugins/com.st.stm32cube.ide.mcu.externaltools.gnu-tools-for-stm32.11.3.rel1.win32_1.0.100.202301251239/tools/bin/../lib/gcc/arm-none-eabi/11.3.1/../../../../arm-none-eabi/lib/thumb/v7e-m+fp/hard\libc_nano.a(libc_a-msizer.o)
 .ARM.attributes
                0x0000000000000847       0x1e c:/st/stm32cubeide_1.3.0/stm32cubeide/plugins/com.st.stm32cube.ide.mcu.externaltools.gnu-tools-for-stm32.11.3.rel1.win32_1.0.100.202301251239/tools/bin/../lib/gcc/arm-none-eabi/11.3.1/thumb/v7e-m+fp/hard\libgcc.a(_aeabi_uldivmod.o)
 .ARM.attributes
                0x0000000000000865       0x34 c:/st/stm32cubeide_1.3.0/stm32cubeide/plugins/com.st.stm32cube.ide.mcu.externaltools.gnu-tools-for-stm32.11.3.rel1.win32_1.0.100.202301251239/tools/bin/../lib/gcc/arm-none-eabi/11.3.1/thumb/v7e-m+fp/hard\libgcc.a(_udivmoddi4.o)
 .ARM.attributes
                0x0000000000000899       0x1e c:/st/stm32cubeide_1.3.0/stm32cubeide/plugins/com.st.stm32cube.ide.mcu.externaltools.gnu-tools-for-stm32.11.3.rel1.win32_1.0.100.202301251239/tools/bin/../lib/gcc/arm-none-eabi/11.3.1/thumb/v7e-m+fp/hard\libgcc.a(_dvmd_tls.o)
 .ARM.attributes
                0x00000000000008b7       0x1e c:/st/stm32cubeide_1.3.0/stm32cubeide/plugins/com.st.stm32cube.ide.mcu.externaltools.gnu-tools-for-stm32.11.3.rel1.win32_1.0.100.202301251239/tools/bin/../lib/gcc/arm-none-eabi/11.3.1/thumb/v7e-m+fp/hard/crtn.o
OUTPUT(STM32F44_Digital_Clock.elf elf32-littlearm)
LOAD linker stubs
LOAD c:/st/stm32cubeide_1.3.0/stm32cubeide/plugins/com.st.stm32cube.ide.mcu.externaltools.gnu-tools-for-stm32.11.3.rel1.win32_1.0.100.202301251239/tools/bin/../lib/gcc/arm-none-eabi/11.3.1/../../../../arm-none-eabi/lib/thumb/v7e-m+fp/hard\libc.a
LOAD c:/st/stm32cubeide_1.3.0/stm32cubeide/plugins/com.st.stm32cube.ide.mcu.externaltools.gnu-tools-for-stm32.11.3.rel1.win32_1.0.100.202301251239/tools/bin/../lib/gcc/arm-none-eabi/11.3.1/../../../../arm-none-eabi/lib/thumb/v7e-m+fp/hard\libm.a
LOAD c:/st/stm32cubeide_1.3.0/stm32cubeide/plugins/com.st.stm32cube.ide.mcu.externaltools.gnu-tools-for-stm32.11.3.rel1.win32_1.0.100.202301251239/tools/bin/../lib/gcc/arm-none-eabi/11.3.1/thumb/v7e-m+fp/hard\libgcc.a

.comment        0x0000000000000000       0x43
 .comment       0x0000000000000000       0x43 c:/st/stm32cubeide_1.3.0/stm32cubeide/plugins/com.st.stm32cube.ide.mcu.externaltools.gnu-tools-for-stm32.11.3.rel1.win32_1.0.100.202301251239/tools/bin/../lib/gcc/arm-none-eabi/11.3.1/thumb/v7e-m+fp/hard/crtbegin.o
                                         0x44 (size before relaxing)
 .comment       0x0000000000000043       0x44 ./Core/Src/BSP_STM32F446E.o
 .comment       0x0000000000000043       0x44 ./Core/Src/Digital_Clock.o
 .comment       0x0000000000000043       0x44 ./Core/Src/LCD_1602.o
 .comment       0x0000000000000043       0x44 ./Core/Src/RTC.o
 .comment       0x0000000000000043       0x44 ./Core/Src/main.o
 .comment       0x0000000000000043       0x44 ./Core/Src/stm32f4xx_hal_msp.o
 .comment       0x0000000000000043       0x44 ./Core/Src/stm32f4xx_hal_timebase_tim.o
 .comment       0x0000000000000043       0x44 ./Core/Src/stm32f4xx_it.o
 .comment       0x0000000000000043       0x44 ./Core/Src/sysmem.o
 .comment       0x0000000000000043       0x44 ./Core/Src/system_stm32f4xx.o
 .comment       0x0000000000000043       0x44 ./Drivers/STM32F4xx_HAL_Driver/Src/stm32f4xx_hal.o
 .comment       0x0000000000000043       0x44 ./Drivers/STM32F4xx_HAL_Driver/Src/stm32f4xx_hal_cortex.o
 .comment       0x0000000000000043       0x44 ./Drivers/STM32F4xx_HAL_Driver/Src/stm32f4xx_hal_gpio.o
 .comment       0x0000000000000043       0x44 ./Drivers/STM32F4xx_HAL_Driver/Src/stm32f4xx_hal_rcc.o
 .comment       0x0000000000000043       0x44 ./Drivers/STM32F4xx_HAL_Driver/Src/stm32f4xx_hal_rcc_ex.o
 .comment       0x0000000000000043       0x44 ./Drivers/STM32F4xx_HAL_Driver/Src/stm32f4xx_hal_rtc.o
 .comment       0x0000000000000043       0x44 ./Drivers/STM32F4xx_HAL_Driver/Src/stm32f4xx_hal_rtc_ex.o
 .comment       0x0000000000000043       0x44 ./Drivers/STM32F4xx_HAL_Driver/Src/stm32f4xx_hal_tim.o
 .comment       0x0000000000000043       0x44 ./Drivers/STM32F4xx_HAL_Driver/Src/stm32f4xx_hal_tim_ex.o
 .comment       0x0000000000000043       0x44 ./Drivers/STM32F4xx_HAL_Driver/Src/stm32f4xx_hal_uart.o

.debug_info     0x0000000000000000    0x12080
 .debug_info    0x0000000000000000      0x755 ./Core/Src/BSP_STM32F446E.o
 .debug_info    0x0000000000000755      0x932 ./Core/Src/Digital_Clock.o
 .debug_info    0x0000000000001087      0x316 ./Core/Src/LCD_1602.o
 .debug_info    0x000000000000139d      0x82d ./Core/Src/RTC.o
 .debug_info    0x0000000000001bca     0x1978 ./Core/Src/main.o
 .debug_info    0x0000000000003542     0x14ce ./Core/Src/stm32f4xx_hal_msp.o
 .debug_info    0x0000000000004a10      0xc44 ./Core/Src/stm32f4xx_hal_timebase_tim.o
 .debug_info    0x0000000000005654      0xa76 ./Core/Src/stm32f4xx_it.o
 .debug_info    0x00000000000060ca      0x168 ./Core/Src/sysmem.o
 .debug_info    0x0000000000006232      0x54a ./Core/Src/system_stm32f4xx.o
 .debug_info    0x000000000000677c       0x23 ./Core/Startup/startup_stm32f446retx.o
 .debug_info    0x000000000000679f      0x99e ./Drivers/STM32F4xx_HAL_Driver/Src/stm32f4xx_hal.o
 .debug_info    0x000000000000713d      0xd64 ./Drivers/STM32F4xx_HAL_Driver/Src/stm32f4xx_hal_cortex.o
 .debug_info    0x0000000000007ea1      0x70b ./Drivers/STM32F4xx_HAL_Driver/Src/stm32f4xx_hal_gpio.o
 .debug_info    0x00000000000085ac      0x8ed ./Drivers/STM32F4xx_HAL_Driver/Src/stm32f4xx_hal_rcc.o
 .debug_info    0x0000000000008e99      0x956 ./Drivers/STM32F4xx_HAL_Driver/Src/stm32f4xx_hal_rcc_ex.o
 .debug_info    0x00000000000097ef      0xc21 ./Drivers/STM32F4xx_HAL_Driver/Src/stm32f4xx_hal_rtc.o
 .debug_info    0x000000000000a410      0xec2 ./Drivers/STM32F4xx_HAL_Driver/Src/stm32f4xx_hal_rtc_ex.o
 .debug_info    0x000000000000b2d2     0x2948 ./Drivers/STM32F4xx_HAL_Driver/Src/stm32f4xx_hal_tim.o
 .debug_info    0x000000000000dc1a     0x14ae ./Drivers/STM32F4xx_HAL_Driver/Src/stm32f4xx_hal_tim_ex.o
 .debug_info    0x000000000000f0c8     0x2fb8 ./Drivers/STM32F4xx_HAL_Driver/Src/stm32f4xx_hal_uart.o

.debug_abbrev   0x0000000000000000     0x2991
 .debug_abbrev  0x0000000000000000      0x18c ./Core/Src/BSP_STM32F446E.o
 .debug_abbrev  0x000000000000018c      0x27e ./Core/Src/Digital_Clock.o
 .debug_abbrev  0x000000000000040a      0x17b ./Core/Src/LCD_1602.o
 .debug_abbrev  0x0000000000000585      0x1b8 ./Core/Src/RTC.o
 .debug_abbrev  0x000000000000073d      0x2ee ./Core/Src/main.o
 .debug_abbrev  0x0000000000000a2b      0x225 ./Core/Src/stm32f4xx_hal_msp.o
 .debug_abbrev  0x0000000000000c50      0x1f4 ./Core/Src/stm32f4xx_hal_timebase_tim.o
 .debug_abbrev  0x0000000000000e44      0x196 ./Core/Src/stm32f4xx_it.o
 .debug_abbrev  0x0000000000000fda       0xbc ./Core/Src/sysmem.o
 .debug_abbrev  0x0000000000001096      0x11a ./Core/Src/system_stm32f4xx.o
 .debug_abbrev  0x00000000000011b0       0x12 ./Core/Startup/startup_stm32f446retx.o
 .debug_abbrev  0x00000000000011c2      0x213 ./Drivers/STM32F4xx_HAL_Driver/Src/stm32f4xx_hal.o
 .debug_abbrev  0x00000000000013d5      0x327 ./Drivers/STM32F4xx_HAL_Driver/Src/stm32f4xx_hal_cortex.o
 .debug_abbrev  0x00000000000016fc      0x1d4 ./Drivers/STM32F4xx_HAL_Driver/Src/stm32f4xx_hal_gpio.o
 .debug_abbrev  0x00000000000018d0      0x2b6 ./Drivers/STM32F4xx_HAL_Driver/Src/stm32f4xx_hal_rcc.o
 .debug_abbrev  0x0000000000001b86      0x20a ./Drivers/STM32F4xx_HAL_Driver/Src/stm32f4xx_hal_rcc_ex.o
 .debug_abbrev  0x0000000000001d90      0x1ff ./Drivers/STM32F4xx_HAL_Driver/Src/stm32f4xx_hal_rtc.o
 .debug_abbrev  0x0000000000001f8f      0x207 ./Drivers/STM32F4xx_HAL_Driver/Src/stm32f4xx_hal_rtc_ex.o
 .debug_abbrev  0x0000000000002196      0x271 ./Drivers/STM32F4xx_HAL_Driver/Src/stm32f4xx_hal_tim.o
 .debug_abbrev  0x0000000000002407      0x27c ./Drivers/STM32F4xx_HAL_Driver/Src/stm32f4xx_hal_tim_ex.o
 .debug_abbrev  0x0000000000002683      0x30e ./Drivers/STM32F4xx_HAL_Driver/Src/stm32f4xx_hal_uart.o

.debug_aranges  0x0000000000000000      0xfb8
 .debug_aranges
                0x0000000000000000       0x28 ./Core/Src/BSP_STM32F446E.o
 .debug_aranges
                0x0000000000000028       0x70 ./Core/Src/Digital_Clock.o
 .debug_aranges
                0x0000000000000098       0x60 ./Core/Src/LCD_1602.o
 .debug_aranges
                0x00000000000000f8       0x38 ./Core/Src/RTC.o
 .debug_aranges
                0x0000000000000130       0x68 ./Core/Src/main.o
 .debug_aranges
                0x0000000000000198       0x50 ./Core/Src/stm32f4xx_hal_msp.o
 .debug_aranges
                0x00000000000001e8       0x30 ./Core/Src/stm32f4xx_hal_timebase_tim.o
 .debug_aranges
                0x0000000000000218       0x80 ./Core/Src/stm32f4xx_it.o
 .debug_aranges
                0x0000000000000298       0x20 ./Core/Src/sysmem.o
 .debug_aranges
                0x00000000000002b8       0x28 ./Core/Src/system_stm32f4xx.o
 .debug_aranges
                0x00000000000002e0       0x28 ./Core/Startup/startup_stm32f446retx.o
 .debug_aranges
                0x0000000000000308       0xf0 ./Drivers/STM32F4xx_HAL_Driver/Src/stm32f4xx_hal.o
 .debug_aranges
                0x00000000000003f8      0x118 ./Drivers/STM32F4xx_HAL_Driver/Src/stm32f4xx_hal_cortex.o
 .debug_aranges
                0x0000000000000510       0x58 ./Drivers/STM32F4xx_HAL_Driver/Src/stm32f4xx_hal_gpio.o
 .debug_aranges
                0x0000000000000568       0x88 ./Drivers/STM32F4xx_HAL_Driver/Src/stm32f4xx_hal_rcc.o
 .debug_aranges
                0x00000000000005f0       0x78 ./Drivers/STM32F4xx_HAL_Driver/Src/stm32f4xx_hal_rcc_ex.o
 .debug_aranges
                0x0000000000000668       0xe8 ./Drivers/STM32F4xx_HAL_Driver/Src/stm32f4xx_hal_rtc.o
 .debug_aranges
                0x0000000000000750      0x130 ./Drivers/STM32F4xx_HAL_Driver/Src/stm32f4xx_hal_rtc_ex.o
 .debug_aranges
                0x0000000000000880      0x3d0 ./Drivers/STM32F4xx_HAL_Driver/Src/stm32f4xx_hal_tim.o
 .debug_aranges
                0x0000000000000c50      0x168 ./Drivers/STM32F4xx_HAL_Driver/Src/stm32f4xx_hal_tim_ex.o
 .debug_aranges
                0x0000000000000db8      0x200 ./Drivers/STM32F4xx_HAL_Driver/Src/stm32f4xx_hal_uart.o

.debug_rnglists
                0x0000000000000000      0xc36
 .debug_rnglists
                0x0000000000000000       0x19 ./Core/Src/BSP_STM32F446E.o
 .debug_rnglists
                0x0000000000000019       0x54 ./Core/Src/Digital_Clock.o
 .debug_rnglists
                0x000000000000006d       0x44 ./Core/Src/LCD_1602.o
 .debug_rnglists
                0x00000000000000b1       0x26 ./Core/Src/RTC.o
 .debug_rnglists
                0x00000000000000d7       0x4f ./Core/Src/main.o
 .debug_rnglists
                0x0000000000000126       0x38 ./Core/Src/stm32f4xx_hal_msp.o
 .debug_rnglists
                0x000000000000015e       0x20 ./Core/Src/stm32f4xx_hal_timebase_tim.o
 .debug_rnglists
                0x000000000000017e       0x5b ./Core/Src/stm32f4xx_it.o
 .debug_rnglists
                0x00000000000001d9       0x13 ./Core/Src/sysmem.o
 .debug_rnglists
                0x00000000000001ec       0x1a ./Core/Src/system_stm32f4xx.o
 .debug_rnglists
                0x0000000000000206       0x19 ./Core/Startup/startup_stm32f446retx.o
 .debug_rnglists
                0x000000000000021f       0xaf ./Drivers/STM32F4xx_HAL_Driver/Src/stm32f4xx_hal.o
 .debug_rnglists
                0x00000000000002ce       0xce ./Drivers/STM32F4xx_HAL_Driver/Src/stm32f4xx_hal_cortex.o
 .debug_rnglists
                0x000000000000039c       0x3f ./Drivers/STM32F4xx_HAL_Driver/Src/stm32f4xx_hal_gpio.o
 .debug_rnglists
                0x00000000000003db       0x66 ./Drivers/STM32F4xx_HAL_Driver/Src/stm32f4xx_hal_rcc.o
 .debug_rnglists
                0x0000000000000441       0x5e ./Drivers/STM32F4xx_HAL_Driver/Src/stm32f4xx_hal_rcc_ex.o
 .debug_rnglists
                0x000000000000049f       0xb4 ./Drivers/STM32F4xx_HAL_Driver/Src/stm32f4xx_hal_rtc.o
 .debug_rnglists
                0x0000000000000553       0xed ./Drivers/STM32F4xx_HAL_Driver/Src/stm32f4xx_hal_rtc_ex.o
 .debug_rnglists
                0x0000000000000640      0x31a ./Drivers/STM32F4xx_HAL_Driver/Src/stm32f4xx_hal_tim.o
 .debug_rnglists
                0x000000000000095a      0x125 ./Drivers/STM32F4xx_HAL_Driver/Src/stm32f4xx_hal_tim_ex.o
 .debug_rnglists
                0x0000000000000a7f      0x1b7 ./Drivers/STM32F4xx_HAL_Driver/Src/stm32f4xx_hal_uart.o

.debug_macro    0x0000000000000000    0x23697
 .debug_macro   0x0000000000000000      0x1ff ./Core/Src/BSP_STM32F446E.o
 .debug_macro   0x00000000000001ff      0xaa8 ./Core/Src/BSP_STM32F446E.o
 .debug_macro   0x0000000000000ca7      0x2a1 ./Core/Src/BSP_STM32F446E.o
 .debug_macro   0x0000000000000f48       0x2e ./Core/Src/BSP_STM32F446E.o
 .debug_macro   0x0000000000000f76       0x28 ./Core/Src/BSP_STM32F446E.o
 .debug_macro   0x0000000000000f9e       0x22 ./Core/Src/BSP_STM32F446E.o
 .debug_macro   0x0000000000000fc0       0x8e ./Core/Src/BSP_STM32F446E.o
 .debug_macro   0x000000000000104e       0x51 ./Core/Src/BSP_STM32F446E.o
 .debug_macro   0x000000000000109f      0x103 ./Core/Src/BSP_STM32F446E.o
 .debug_macro   0x00000000000011a2       0x6a ./Core/Src/BSP_STM32F446E.o
 .debug_macro   0x000000000000120c      0x1df ./Core/Src/BSP_STM32F446E.o
 .debug_macro   0x00000000000013eb       0x1c ./Core/Src/BSP_STM32F446E.o
 .debug_macro   0x0000000000001407       0x22 ./Core/Src/BSP_STM32F446E.o
 .debug_macro   0x0000000000001429       0xd9 ./Core/Src/BSP_STM32F446E.o
 .debug_macro   0x0000000000001502     0x102d ./Core/Src/BSP_STM32F446E.o
 .debug_macro   0x000000000000252f      0x11f ./Core/Src/BSP_STM32F446E.o
 .debug_macro   0x000000000000264e    0x16749 ./Core/Src/BSP_STM32F446E.o
 .debug_macro   0x0000000000018d97       0x6d ./Core/Src/BSP_STM32F446E.o
 .debug_macro   0x0000000000018e04     0x367e ./Core/Src/BSP_STM32F446E.o
 .debug_macro   0x000000000001c482      0x174 ./Core/Src/BSP_STM32F446E.o
 .debug_macro   0x000000000001c5f6       0x5c ./Core/Src/BSP_STM32F446E.o
 .debug_macro   0x000000000001c652      0xc90 ./Core/Src/BSP_STM32F446E.o
 .debug_macro   0x000000000001d2e2      0x9fe ./Core/Src/BSP_STM32F446E.o
 .debug_macro   0x000000000001dce0      0x115 ./Core/Src/BSP_STM32F446E.o
 .debug_macro   0x000000000001ddf5      0x1a0 ./Core/Src/BSP_STM32F446E.o
 .debug_macro   0x000000000001df95       0xa5 ./Core/Src/BSP_STM32F446E.o
 .debug_macro   0x000000000001e03a      0x16d ./Core/Src/BSP_STM32F446E.o
 .debug_macro   0x000000000001e1a7      0x287 ./Core/Src/BSP_STM32F446E.o
 .debug_macro   0x000000000001e42e       0x5f ./Core/Src/BSP_STM32F446E.o
 .debug_macro   0x000000000001e48d      0x236 ./Core/Src/BSP_STM32F446E.o
 .debug_macro   0x000000000001e6c3      0x132 ./Core/Src/BSP_STM32F446E.o
 .debug_macro   0x000000000001e7f5      0x29c ./Core/Src/BSP_STM32F446E.o
 .debug_macro   0x000000000001ea91       0x2e ./Core/Src/BSP_STM32F446E.o
 .debug_macro   0x000000000001eabf      0x11a ./Core/Src/BSP_STM32F446E.o
 .debug_macro   0x000000000001ebd9       0xe8 ./Core/Src/BSP_STM32F446E.o
 .debug_macro   0x000000000001ecc1       0x89 ./Core/Src/BSP_STM32F446E.o
 .debug_macro   0x000000000001ed4a      0x305 ./Core/Src/BSP_STM32F446E.o
 .debug_macro   0x000000000001f04f      0x452 ./Core/Src/BSP_STM32F446E.o
 .debug_macro   0x000000000001f4a1       0xe4 ./Core/Src/BSP_STM32F446E.o
 .debug_macro   0x000000000001f585      0x8e6 ./Core/Src/BSP_STM32F446E.o
 .debug_macro   0x000000000001fe6b       0x4d ./Core/Src/BSP_STM32F446E.o
 .debug_macro   0x000000000001feb8      0x295 ./Core/Src/BSP_STM32F446E.o
 .debug_macro   0x000000000002014d      0x126 ./Core/Src/BSP_STM32F446E.o
 .debug_macro   0x0000000000020273       0x16 ./Core/Src/BSP_STM32F446E.o
 .debug_macro   0x0000000000020289       0xb2 ./Core/Src/BSP_STM32F446E.o
 .debug_macro   0x000000000002033b      0x31b ./Core/Src/Digital_Clock.o
 .debug_macro   0x0000000000020656       0x61 ./Core/Src/Digital_Clock.o
 .debug_macro   0x00000000000206b7       0x2a ./Core/Src/Digital_Clock.o
 .debug_macro   0x00000000000206e1       0x43 ./Core/Src/Digital_Clock.o
 .debug_macro   0x0000000000020724       0x34 ./Core/Src/Digital_Clock.o
 .debug_macro   0x0000000000020758       0x16 ./Core/Src/Digital_Clock.o
 .debug_macro   0x000000000002076e       0x43 ./Core/Src/Digital_Clock.o
 .debug_macro   0x00000000000207b1       0x34 ./Core/Src/Digital_Clock.o
 .debug_macro   0x00000000000207e5       0x10 ./Core/Src/Digital_Clock.o
 .debug_macro   0x00000000000207f5       0x58 ./Core/Src/Digital_Clock.o
 .debug_macro   0x000000000002084d       0x8e ./Core/Src/Digital_Clock.o
 .debug_macro   0x00000000000208db       0x1c ./Core/Src/Digital_Clock.o
 .debug_macro   0x00000000000208f7      0x177 ./Core/Src/Digital_Clock.o
 .debug_macro   0x0000000000020a6e      0x369 ./Core/Src/Digital_Clock.o
 .debug_macro   0x0000000000020dd7       0x10 ./Core/Src/Digital_Clock.o
 .debug_macro   0x0000000000020de7       0x35 ./Core/Src/Digital_Clock.o
 .debug_macro   0x0000000000020e1c       0x20 ./Core/Src/Digital_Clock.o
 .debug_macro   0x0000000000020e3c       0x1c ./Core/Src/Digital_Clock.o
 .debug_macro   0x0000000000020e58       0x10 ./Core/Src/Digital_Clock.o
 .debug_macro   0x0000000000020e68       0x1c ./Core/Src/Digital_Clock.o
 .debug_macro   0x0000000000020e84       0x16 ./Core/Src/Digital_Clock.o
 .debug_macro   0x0000000000020e9a      0x147 ./Core/Src/Digital_Clock.o
 .debug_macro   0x0000000000020fe1       0xfa ./Core/Src/Digital_Clock.o
 .debug_macro   0x00000000000210db       0x56 ./Core/Src/Digital_Clock.o
 .debug_macro   0x0000000000021131       0x1c ./Core/Src/Digital_Clock.o
 .debug_macro   0x000000000002114d      0x1f0 ./Core/Src/LCD_1602.o
 .debug_macro   0x000000000002133d      0x1fa ./Core/Src/RTC.o
 .debug_macro   0x0000000000021537      0x21c ./Core/Src/main.o
 .debug_macro   0x0000000000021753       0xac ./Core/Src/main.o
 .debug_macro   0x00000000000217ff      0x1f6 ./Core/Src/stm32f4xx_hal_msp.o
 .debug_macro   0x00000000000219f5      0x1e7 ./Core/Src/stm32f4xx_hal_timebase_tim.o
 .debug_macro   0x0000000000021bdc      0x200 ./Core/Src/stm32f4xx_it.o
 .debug_macro   0x0000000000021ddc       0xff ./Core/Src/sysmem.o
 .debug_macro   0x0000000000021edb      0x23c ./Core/Src/sysmem.o
 .debug_macro   0x0000000000022117      0x1ed ./Core/Src/system_stm32f4xx.o
 .debug_macro   0x0000000000022304      0x247 ./Drivers/STM32F4xx_HAL_Driver/Src/stm32f4xx_hal.o
 .debug_macro   0x000000000002254b      0x1e7 ./Drivers/STM32F4xx_HAL_Driver/Src/stm32f4xx_hal_cortex.o
 .debug_macro   0x0000000000022732      0x1ed ./Drivers/STM32F4xx_HAL_Driver/Src/stm32f4xx_hal_gpio.o
 .debug_macro   0x000000000002291f      0x20b ./Drivers/STM32F4xx_HAL_Driver/Src/stm32f4xx_hal_rcc.o
 .debug_macro   0x0000000000022b2a      0x1e7 ./Drivers/STM32F4xx_HAL_Driver/Src/stm32f4xx_hal_rcc_ex.o
 .debug_macro   0x0000000000022d11      0x1e8 ./Drivers/STM32F4xx_HAL_Driver/Src/stm32f4xx_hal_rtc.o
 .debug_macro   0x0000000000022ef9      0x1e7 ./Drivers/STM32F4xx_HAL_Driver/Src/stm32f4xx_hal_rtc_ex.o
 .debug_macro   0x00000000000230e0      0x1e8 ./Drivers/STM32F4xx_HAL_Driver/Src/stm32f4xx_hal_tim.o
 .debug_macro   0x00000000000232c8      0x1e7 ./Drivers/STM32F4xx_HAL_Driver/Src/stm32f4xx_hal_tim_ex.o
 .debug_macro   0x00000000000234af      0x1e8 ./Drivers/STM32F4xx_HAL_Driver/Src/stm32f4xx_hal_uart.o

.debug_line     0x0000000000000000    0x132ca
 .debug_line    0x0000000000000000      0x71d ./Core/Src/BSP_STM32F446E.o
 .debug_line    0x000000000000071d      0xb54 ./Core/Src/Digital_Clock.o
 .debug_line    0x0000000000001271      0x7fd ./Core/Src/LCD_1602.o
 .debug_line    0x0000000000001a6e      0x7b8 ./Core/Src/RTC.o
 .debug_line    0x0000000000002226      0xa27 ./Core/Src/main.o
 .debug_line    0x0000000000002c4d      0x7b9 ./Core/Src/stm32f4xx_hal_msp.o
 .debug_line    0x0000000000003406      0x760 ./Core/Src/stm32f4xx_hal_timebase_tim.o
 .debug_line    0x0000000000003b66      0x7fe ./Core/Src/stm32f4xx_it.o
 .debug_line    0x0000000000004364      0x4e0 ./Core/Src/sysmem.o
 .debug_line    0x0000000000004844      0x76c ./Core/Src/system_stm32f4xx.o
 .debug_line    0x0000000000004fb0       0x77 ./Core/Startup/startup_stm32f446retx.o
 .debug_line    0x0000000000005027      0x9cc ./Drivers/STM32F4xx_HAL_Driver/Src/stm32f4xx_hal.o
 .debug_line    0x00000000000059f3      0xc7b ./Drivers/STM32F4xx_HAL_Driver/Src/stm32f4xx_hal_cortex.o
 .debug_line    0x000000000000666e      0xb2c ./Drivers/STM32F4xx_HAL_Driver/Src/stm32f4xx_hal_gpio.o
 .debug_line    0x000000000000719a      0xd4f ./Drivers/STM32F4xx_HAL_Driver/Src/stm32f4xx_hal_rcc.o
 .debug_line    0x0000000000007ee9     0x13e7 ./Drivers/STM32F4xx_HAL_Driver/Src/stm32f4xx_hal_rcc_ex.o
 .debug_line    0x00000000000092d0     0x10a1 ./Drivers/STM32F4xx_HAL_Driver/Src/stm32f4xx_hal_rtc.o
 .debug_line    0x000000000000a371     0x146a ./Drivers/STM32F4xx_HAL_Driver/Src/stm32f4xx_hal_rtc_ex.o
 .debug_line    0x000000000000b7db     0x36b8 ./Drivers/STM32F4xx_HAL_Driver/Src/stm32f4xx_hal_tim.o
 .debug_line    0x000000000000ee93     0x19c9 ./Drivers/STM32F4xx_HAL_Driver/Src/stm32f4xx_hal_tim_ex.o
 .debug_line    0x000000000001085c     0x2a6e ./Drivers/STM32F4xx_HAL_Driver/Src/stm32f4xx_hal_uart.o

.debug_str      0x0000000000000000    0xd7476
 .debug_str     0x0000000000000000    0xcef69 ./Core/Src/BSP_STM32F446E.o
                                      0xcf2a2 (size before relaxing)
 .debug_str     0x00000000000cef69     0x3f75 ./Core/Src/Digital_Clock.o
                                      0xd29fb (size before relaxing)
 .debug_str     0x00000000000d2ede       0x9e ./Core/Src/LCD_1602.o
                                      0xced5a (size before relaxing)
 .debug_str     0x00000000000d2f7c      0x189 ./Core/Src/RTC.o
                                      0xcf1a7 (size before relaxing)
 .debug_str     0x00000000000d3105      0xbd5 ./Core/Src/main.o
                                      0xd0570 (size before relaxing)
 .debug_str     0x00000000000d3cda      0x26d ./Core/Src/stm32f4xx_hal_msp.o
                                      0xcff3c (size before relaxing)
 .debug_str     0x00000000000d3f47       0xf5 ./Core/Src/stm32f4xx_hal_timebase_tim.o
                                      0xcf6a3 (size before relaxing)
 .debug_str     0x00000000000d403c      0x152 ./Core/Src/stm32f4xx_it.o
                                      0xcf4bb (size before relaxing)
 .debug_str     0x00000000000d418e      0x4dc ./Core/Src/sysmem.o
                                       0x605b (size before relaxing)
 .debug_str     0x00000000000d466a       0xf0 ./Core/Src/system_stm32f4xx.o
                                      0xceb80 (size before relaxing)
 .debug_str     0x00000000000d475a       0x34 ./Core/Startup/startup_stm32f446retx.o
                                         0x6d (size before relaxing)
 .debug_str     0x00000000000d478e      0x5d3 ./Drivers/STM32F4xx_HAL_Driver/Src/stm32f4xx_hal.o
                                      0xcf730 (size before relaxing)
 .debug_str     0x00000000000d4d61      0x328 ./Drivers/STM32F4xx_HAL_Driver/Src/stm32f4xx_hal_cortex.o
                                      0xcf43e (size before relaxing)
 .debug_str     0x00000000000d5089       0xc4 ./Drivers/STM32F4xx_HAL_Driver/Src/stm32f4xx_hal_gpio.o
                                      0xcece6 (size before relaxing)
 .debug_str     0x00000000000d514d      0x1fd ./Drivers/STM32F4xx_HAL_Driver/Src/stm32f4xx_hal_rcc.o
                                      0xcefa4 (size before relaxing)
 .debug_str     0x00000000000d534a      0x19d ./Drivers/STM32F4xx_HAL_Driver/Src/stm32f4xx_hal_rcc_ex.o
                                      0xcefd7 (size before relaxing)
 .debug_str     0x00000000000d54e7      0x1d4 ./Drivers/STM32F4xx_HAL_Driver/Src/stm32f4xx_hal_rtc.o
                                      0xcefb0 (size before relaxing)
 .debug_str     0x00000000000d56bb      0x555 ./Drivers/STM32F4xx_HAL_Driver/Src/stm32f4xx_hal_rtc_ex.o
                                      0xcf28c (size before relaxing)
 .debug_str     0x00000000000d5c10      0xdb7 ./Drivers/STM32F4xx_HAL_Driver/Src/stm32f4xx_hal_tim.o
                                      0xcfec0 (size before relaxing)
 .debug_str     0x00000000000d69c7      0x493 ./Drivers/STM32F4xx_HAL_Driver/Src/stm32f4xx_hal_tim_ex.o
                                      0xcf6dc (size before relaxing)
 .debug_str     0x00000000000d6e5a      0x61c ./Drivers/STM32F4xx_HAL_Driver/Src/stm32f4xx_hal_uart.o
                                      0xcf519 (size before relaxing)

.debug_frame    0x0000000000000000     0x463c
 .debug_frame   0x0000000000000000       0x54 ./Core/Src/BSP_STM32F446E.o
 .debug_frame   0x0000000000000054      0x1a4 ./Core/Src/Digital_Clock.o
 .debug_frame   0x00000000000001f8      0x134 ./Core/Src/LCD_1602.o
 .debug_frame   0x000000000000032c       0xa0 ./Core/Src/RTC.o
 .debug_frame   0x00000000000003cc      0x164 ./Core/Src/main.o
 .debug_frame   0x0000000000000530      0x118 ./Core/Src/stm32f4xx_hal_msp.o
 .debug_frame   0x0000000000000648       0x74 ./Core/Src/stm32f4xx_hal_timebase_tim.o
 .debug_frame   0x00000000000006bc      0x180 ./Core/Src/stm32f4xx_it.o
 .debug_frame   0x000000000000083c       0x34 ./Core/Src/sysmem.o
 .debug_frame   0x0000000000000870       0x58 ./Core/Src/system_stm32f4xx.o
 .debug_frame   0x00000000000008c8      0x374 ./Drivers/STM32F4xx_HAL_Driver/Src/stm32f4xx_hal.o
 .debug_frame   0x0000000000000c3c      0x498 ./Drivers/STM32F4xx_HAL_Driver/Src/stm32f4xx_hal_cortex.o
 .debug_frame   0x00000000000010d4      0x14c ./Drivers/STM32F4xx_HAL_Driver/Src/stm32f4xx_hal_gpio.o
 .debug_frame   0x0000000000001220      0x1f4 ./Drivers/STM32F4xx_HAL_Driver/Src/stm32f4xx_hal_rcc.o
 .debug_frame   0x0000000000001414      0x1e8 ./Drivers/STM32F4xx_HAL_Driver/Src/stm32f4xx_hal_rcc_ex.o
 .debug_frame   0x00000000000015fc      0x3f4 ./Drivers/STM32F4xx_HAL_Driver/Src/stm32f4xx_hal_rtc.o
 .debug_frame   0x00000000000019f0      0x548 ./Drivers/STM32F4xx_HAL_Driver/Src/stm32f4xx_hal_rtc_ex.o
 .debug_frame   0x0000000000001f38     0x11c4 ./Drivers/STM32F4xx_HAL_Driver/Src/stm32f4xx_hal_tim.o
 .debug_frame   0x00000000000030fc      0x638 ./Drivers/STM32F4xx_HAL_Driver/Src/stm32f4xx_hal_tim_ex.o
 .debug_frame   0x0000000000003734      0x92c ./Drivers/STM32F4xx_HAL_Driver/Src/stm32f4xx_hal_uart.o
 .debug_frame   0x0000000000004060      0x13c c:/st/stm32cubeide_1.3.0/stm32cubeide/plugins/com.st.stm32cube.ide.mcu.externaltools.gnu-tools-for-stm32.11.3.rel1.win32_1.0.100.202301251239/tools/bin/../lib/gcc/arm-none-eabi/11.3.1/../../../../arm-none-eabi/lib/thumb/v7e-m+fp/hard\libc_nano.a(libc_a-findfp.o)
 .debug_frame   0x000000000000419c       0x6c c:/st/stm32cubeide_1.3.0/stm32cubeide/plugins/com.st.stm32cube.ide.mcu.externaltools.gnu-tools-for-stm32.11.3.rel1.win32_1.0.100.202301251239/tools/bin/../lib/gcc/arm-none-eabi/11.3.1/../../../../arm-none-eabi/lib/thumb/v7e-m+fp/hard\libc_nano.a(libc_a-sprintf.o)
 .debug_frame   0x0000000000004208       0x20 c:/st/stm32cubeide_1.3.0/stm32cubeide/plugins/com.st.stm32cube.ide.mcu.externaltools.gnu-tools-for-stm32.11.3.rel1.win32_1.0.100.202301251239/tools/bin/../lib/gcc/arm-none-eabi/11.3.1/../../../../arm-none-eabi/lib/thumb/v7e-m+fp/hard\libc_nano.a(libc_a-memset.o)
 .debug_frame   0x0000000000004228       0x38 c:/st/stm32cubeide_1.3.0/stm32cubeide/plugins/com.st.stm32cube.ide.mcu.externaltools.gnu-tools-for-stm32.11.3.rel1.win32_1.0.100.202301251239/tools/bin/../lib/gcc/arm-none-eabi/11.3.1/../../../../arm-none-eabi/lib/thumb/v7e-m+fp/hard\libc_nano.a(libc_a-reent.o)
 .debug_frame   0x0000000000004260       0x20 c:/st/stm32cubeide_1.3.0/stm32cubeide/plugins/com.st.stm32cube.ide.mcu.externaltools.gnu-tools-for-stm32.11.3.rel1.win32_1.0.100.202301251239/tools/bin/../lib/gcc/arm-none-eabi/11.3.1/../../../../arm-none-eabi/lib/thumb/v7e-m+fp/hard\libc_nano.a(libc_a-errno.o)
 .debug_frame   0x0000000000004280       0x2c c:/st/stm32cubeide_1.3.0/stm32cubeide/plugins/com.st.stm32cube.ide.mcu.externaltools.gnu-tools-for-stm32.11.3.rel1.win32_1.0.100.202301251239/tools/bin/../lib/gcc/arm-none-eabi/11.3.1/../../../../arm-none-eabi/lib/thumb/v7e-m+fp/hard\libc_nano.a(libc_a-init.o)
 .debug_frame   0x00000000000042ac       0xb0 c:/st/stm32cubeide_1.3.0/stm32cubeide/plugins/com.st.stm32cube.ide.mcu.externaltools.gnu-tools-for-stm32.11.3.rel1.win32_1.0.100.202301251239/tools/bin/../lib/gcc/arm-none-eabi/11.3.1/../../../../arm-none-eabi/lib/thumb/v7e-m+fp/hard\libc_nano.a(libc_a-lock.o)
 .debug_frame   0x000000000000435c       0x38 c:/st/stm32cubeide_1.3.0/stm32cubeide/plugins/com.st.stm32cube.ide.mcu.externaltools.gnu-tools-for-stm32.11.3.rel1.win32_1.0.100.202301251239/tools/bin/../lib/gcc/arm-none-eabi/11.3.1/../../../../arm-none-eabi/lib/thumb/v7e-m+fp/hard\libc_nano.a(libc_a-freer.o)
 .debug_frame   0x0000000000004394       0x50 c:/st/stm32cubeide_1.3.0/stm32cubeide/plugins/com.st.stm32cube.ide.mcu.externaltools.gnu-tools-for-stm32.11.3.rel1.win32_1.0.100.202301251239/tools/bin/../lib/gcc/arm-none-eabi/11.3.1/../../../../arm-none-eabi/lib/thumb/v7e-m+fp/hard\libc_nano.a(libc_a-mallocr.o)
 .debug_frame   0x00000000000043e4       0x30 c:/st/stm32cubeide_1.3.0/stm32cubeide/plugins/com.st.stm32cube.ide.mcu.externaltools.gnu-tools-for-stm32.11.3.rel1.win32_1.0.100.202301251239/tools/bin/../lib/gcc/arm-none-eabi/11.3.1/../../../../arm-none-eabi/lib/thumb/v7e-m+fp/hard\libc_nano.a(libc_a-mlock.o)
 .debug_frame   0x0000000000004414       0x90 c:/st/stm32cubeide_1.3.0/stm32cubeide/plugins/com.st.stm32cube.ide.mcu.externaltools.gnu-tools-for-stm32.11.3.rel1.win32_1.0.100.202301251239/tools/bin/../lib/gcc/arm-none-eabi/11.3.1/../../../../arm-none-eabi/lib/thumb/v7e-m+fp/hard\libc_nano.a(libc_a-nano-svfprintf.o)
 .debug_frame   0x00000000000044a4       0x60 c:/st/stm32cubeide_1.3.0/stm32cubeide/plugins/com.st.stm32cube.ide.mcu.externaltools.gnu-tools-for-stm32.11.3.rel1.win32_1.0.100.202301251239/tools/bin/../lib/gcc/arm-none-eabi/11.3.1/../../../../arm-none-eabi/lib/thumb/v7e-m+fp/hard\libc_nano.a(libc_a-nano-vfprintf_i.o)
 .debug_frame   0x0000000000004504       0x28 c:/st/stm32cubeide_1.3.0/stm32cubeide/plugins/com.st.stm32cube.ide.mcu.externaltools.gnu-tools-for-stm32.11.3.rel1.win32_1.0.100.202301251239/tools/bin/../lib/gcc/arm-none-eabi/11.3.1/../../../../arm-none-eabi/lib/thumb/v7e-m+fp/hard\libc_nano.a(libc_a-memmove.o)