../Core/Src/main.c:82:5:main	8	static
../Core/Src/main.c:145:6:SystemClock_Config	88	static
../Core/Src/main.c:188:13:MX_RTC_Init	72	static
../Core/Src/main.c:272:13:MX_TIM5_Init	32	static
../Core/Src/main.c:317:13:MX_UART4_Init	8	static
../Core/Src/main.c:350:13:MX_GPIO_Init	40	static
../Core/Src/main.c:411:6:HAL_GPIO_EXTI_Callback	16	static,ignoring_inline_asm
../Core/Src/main.c:520:6:HAL_RTC_AlarmAEventCallback	16	static
../Core/Src/main.c:536:6:HAL_TIM_PeriodElapsedCallback	16	static
../Core/Src/main.c:553:6:Error_Handler	4	static
